2025-08-29T11:34:33+00:00 tbl_mp_portfolio.php START
2025-08-29T11:40:09+00:00 tbl_mp_portfolio.php START
2025-08-29T11:40:09+00:00 session already active
2025-08-29T11:40:09+00:00 database.php included
2025-08-29T11:40:09+00:00 manager_id: 3
2025-08-29T11:40:09+00:00 salon_id: 1
2025-08-29T11:40:09+00:00 Preparing statement
2025-08-29T11:46:43+00:00 tbl_mp_portfolio.php START
2025-08-29T11:46:43+00:00 session already active
2025-08-29T11:46:43+00:00 database.php included
2025-08-29T11:46:43+00:00 manager_id: 3
2025-08-29T11:46:43+00:00 salon_id: 1
2025-08-29T11:46:43+00:00 Preparing statement
2025-08-29T11:47:38+00:00 tbl_mp_portfolio.php START
2025-08-29T11:47:41+00:00 tbl_mp_portfolio.php START
2025-08-29T11:48:51+00:00 tbl_mp_portfolio.php START
2025-08-29T11:48:54+00:00 tbl_mp_portfolio.php START
2025-08-29T11:49:24+00:00 tbl_mp_portfolio.php START
2025-08-29T11:49:27+00:00 tbl_mp_portfolio.php START
2025-08-29T11:50:47+00:00 tbl_mp_portfolio.php START
2025-08-29T11:52:32+00:00 tbl_mp_portfolio.php START
2025-08-29T11:52:36+00:00 tbl_mp_portfolio.php START
2025-08-29T11:54:38+00:00 tbl_mp_portfolio.php START
2025-08-29T12:03:07+00:00 tbl_mp_portfolio.php START
2025-08-29T12:03:09+00:00 tbl_mp_portfolio.php START
2025-08-29T12:04:23+00:00 tbl_mp_portfolio.php START
2025-08-29T12:04:26+00:00 tbl_mp_portfolio.php START
2025-08-29T12:06:07+00:00 tbl_mp_portfolio.php START
2025-08-29T12:06:09+00:00 tbl_mp_portfolio.php START
2025-08-29T12:06:34+00:00 tbl_mp_portfolio.php START
2025-08-29T12:06:37+00:00 tbl_mp_portfolio.php START
2025-08-30T07:57:01+00:00 tbl_mp_portfolio.php START
2025-08-30T07:57:30+00:00 tbl_mp_portfolio.php START
2025-08-30T07:57:33+00:00 tbl_mp_portfolio.php START
2025-08-30T07:57:38+00:00 tbl_mp_portfolio.php START
2025-08-30T07:57:39+00:00 tbl_mp_portfolio.php START
2025-08-30T07:57:40+00:00 tbl_mp_portfolio.php START
2025-08-30T08:02:53+00:00 tbl_mp_portfolio.php START
2025-08-30T08:19:54+00:00 tbl_mp_portfolio.php START
2025-08-30T08:19:58+00:00 tbl_mp_portfolio.php START
2025-08-30T08:31:03+00:00 tbl_mp_portfolio.php START
2025-08-30T08:31:04+00:00 tbl_mp_portfolio.php START
2025-08-30T08:31:05+00:00 tbl_mp_portfolio.php START
2025-08-30T08:31:05+00:00 tbl_mp_portfolio.php START
2025-08-30T08:31:05+00:00 tbl_mp_portfolio.php START
2025-08-30T08:31:05+00:00 tbl_mp_portfolio.php START
2025-08-30T08:31:06+00:00 tbl_mp_portfolio.php START
2025-08-30T08:43:23+00:00 tbl_mp_portfolio.php START
2025-08-30T08:43:25+00:00 tbl_mp_portfolio.php START
2025-08-30T08:43:25+00:00 tbl_mp_portfolio.php START
2025-08-30T08:43:25+00:00 tbl_mp_portfolio.php START
2025-08-30T08:43:25+00:00 tbl_mp_portfolio.php START
2025-08-30T08:43:25+00:00 tbl_mp_portfolio.php START
2025-08-30T08:43:26+00:00 tbl_mp_portfolio.php START
2025-08-30T08:43:26+00:00 tbl_mp_portfolio.php START
2025-08-30T08:43:27+00:00 tbl_mp_portfolio.php START
2025-08-30T08:49:36+00:00 tbl_mp_portfolio.php START
2025-08-30T08:49:37+00:00 tbl_mp_portfolio.php START
2025-08-30T17:06:44+00:00 tbl_mp_portfolio.php START
2025-08-30T17:06:44+00:00 tbl_mp_portfolio.php END
2025-08-30T17:08:01+00:00 tbl_mp_portfolio.php START
2025-08-30T17:08:01+00:00 tbl_mp_portfolio.php END
2025-08-30T17:08:14+00:00 tbl_mp_portfolio.php START
2025-08-30T17:08:14+00:00 tbl_mp_portfolio.php END
2025-08-30T17:08:27+00:00 tbl_mp_portfolio.php START
2025-08-30T17:08:27+00:00 tbl_mp_portfolio.php END
2025-08-30T17:08:38+00:00 tbl_mp_portfolio.php START
2025-08-30T17:08:38+00:00 tbl_mp_portfolio.php END
2025-08-30T17:08:54+00:00 tbl_mp_portfolio.php START
2025-08-30T17:08:54+00:00 tbl_mp_portfolio.php END
2025-08-30T17:22:38+00:00 tbl_mp_portfolio.php START
2025-08-30T17:22:38+00:00 tbl_mp_portfolio.php END
2025-08-30T17:22:57+00:00 tbl_mp_portfolio.php START
2025-08-30T17:22:57+00:00 tbl_mp_portfolio.php END
2025-08-30T17:23:02+00:00 tbl_mp_portfolio.php START
2025-08-30T17:23:02+00:00 tbl_mp_portfolio.php END
2025-08-30T18:33:36+00:00 tbl_mp_portfolio.php START
2025-08-30T18:33:36+00:00 tbl_mp_portfolio.php END
2025-08-30T18:33:53+00:00 tbl_mp_portfolio.php START
2025-08-30T18:33:53+00:00 tbl_mp_portfolio.php END
2025-08-30T18:37:49+00:00 tbl_mp_portfolio.php START
2025-08-30T18:37:49+00:00 tbl_mp_portfolio.php END
2025-08-30T18:37:55+00:00 tbl_mp_portfolio.php START
2025-08-30T18:37:55+00:00 tbl_mp_portfolio.php END
2025-08-30T18:37:58+00:00 tbl_mp_portfolio.php START
2025-08-30T18:37:58+00:00 tbl_mp_portfolio.php END
2025-08-30T18:38:01+00:00 tbl_mp_portfolio.php START
2025-08-30T18:38:01+00:00 tbl_mp_portfolio.php END
2025-08-30T18:38:04+00:00 tbl_mp_portfolio.php START
2025-08-30T18:38:04+00:00 tbl_mp_portfolio.php END
2025-08-30T18:38:09+00:00 tbl_mp_portfolio.php START
2025-08-30T18:38:09+00:00 tbl_mp_portfolio.php END
2025-08-30T18:38:33+00:00 tbl_mp_portfolio.php START
2025-08-30T18:38:33+00:00 tbl_mp_portfolio.php END
2025-08-30T18:38:57+00:00 tbl_mp_portfolio.php START
2025-08-30T18:38:57+00:00 tbl_mp_portfolio.php END
2025-08-30T18:39:32+00:00 tbl_mp_portfolio.php START
2025-08-30T18:39:32+00:00 tbl_mp_portfolio.php END
2025-08-30T18:58:10+00:00 tbl_mp_portfolio.php START
2025-08-30T18:58:10+00:00 tbl_mp_portfolio.php END
2025-08-30T18:58:23+00:00 tbl_mp_portfolio.php START
2025-08-30T18:58:23+00:00 tbl_mp_portfolio.php END
2025-08-30T19:45:37+00:00 tbl_mp_portfolio.php START
2025-08-30T19:45:37+00:00 tbl_mp_portfolio.php END
2025-08-30T19:46:50+00:00 tbl_mp_portfolio.php START
2025-08-30T19:46:50+00:00 tbl_mp_portfolio.php END
2025-08-30T19:46:51+00:00 tbl_mp_portfolio.php START
2025-08-30T19:46:51+00:00 tbl_mp_portfolio.php END
2025-08-30T19:47:02+00:00 tbl_mp_portfolio.php START
2025-08-30T19:47:02+00:00 tbl_mp_portfolio.php END
2025-08-30T19:47:30+00:00 tbl_mp_portfolio.php START
2025-08-30T19:47:30+00:00 tbl_mp_portfolio.php END
2025-08-30T19:48:20+00:00 tbl_mp_portfolio.php START
2025-08-30T19:48:20+00:00 tbl_mp_portfolio.php END
2025-08-30T19:48:24+00:00 tbl_mp_portfolio.php START
2025-08-30T19:48:24+00:00 tbl_mp_portfolio.php END
2025-08-30T19:50:07+00:00 tbl_mp_portfolio.php START
2025-08-30T19:50:07+00:00 tbl_mp_portfolio.php END
2025-08-30T19:53:49+00:00 tbl_mp_portfolio.php START
2025-08-30T19:53:49+00:00 tbl_mp_portfolio.php END
2025-08-30T19:53:53+00:00 tbl_mp_portfolio.php START
2025-08-30T19:53:53+00:00 tbl_mp_portfolio.php END
2025-08-30T19:54:17+00:00 tbl_mp_portfolio.php START
2025-08-30T19:54:17+00:00 tbl_mp_portfolio.php END
2025-08-30T19:56:28+00:00 tbl_mp_portfolio.php START
2025-08-30T19:56:28+00:00 tbl_mp_portfolio.php END
2025-08-30T19:57:24+00:00 tbl_mp_portfolio.php START
2025-08-30T19:57:24+00:00 tbl_mp_portfolio.php END
2025-08-30T20:00:00+00:00 tbl_mp_portfolio.php START
2025-08-30T20:00:00+00:00 tbl_mp_portfolio.php END
2025-08-30T20:01:04+00:00 tbl_mp_portfolio.php START
2025-08-30T20:01:04+00:00 tbl_mp_portfolio.php END
2025-08-30T20:01:39+00:00 tbl_mp_portfolio.php START
2025-08-30T20:01:39+00:00 tbl_mp_portfolio.php END
2025-08-30T20:02:00+00:00 tbl_mp_portfolio.php START
2025-08-30T20:02:00+00:00 tbl_mp_portfolio.php END
2025-08-30T20:03:43+00:00 tbl_mp_portfolio.php START
2025-08-30T20:03:43+00:00 tbl_mp_portfolio.php END
2025-08-30T20:03:49+00:00 tbl_mp_portfolio.php START
2025-08-30T20:03:49+00:00 tbl_mp_portfolio.php END
2025-08-30T20:04:08+00:00 tbl_mp_portfolio.php START
2025-08-30T20:04:08+00:00 tbl_mp_portfolio.php END
2025-08-30T20:08:48+00:00 tbl_mp_portfolio.php START
2025-08-30T20:08:48+00:00 tbl_mp_portfolio.php END
2025-08-30T20:08:49+00:00 tbl_mp_portfolio.php START
2025-08-30T20:08:49+00:00 tbl_mp_portfolio.php END
2025-08-30T20:08:52+00:00 tbl_mp_portfolio.php START
2025-08-30T20:08:52+00:00 tbl_mp_portfolio.php END
2025-08-30T20:09:29+00:00 tbl_mp_portfolio.php START
2025-08-30T20:09:29+00:00 tbl_mp_portfolio.php END
2025-08-30T20:15:07+00:00 tbl_mp_portfolio.php START
2025-08-30T20:15:07+00:00 tbl_mp_portfolio.php END
2025-08-30T20:15:10+00:00 tbl_mp_portfolio.php START
2025-08-30T20:15:10+00:00 tbl_mp_portfolio.php END
2025-08-30T20:15:23+00:00 tbl_mp_portfolio.php START
2025-08-30T20:15:23+00:00 tbl_mp_portfolio.php END
2025-08-30T20:19:56+00:00 tbl_mp_portfolio.php START
2025-08-30T20:19:56+00:00 tbl_mp_portfolio.php END
2025-08-30T20:20:11+00:00 tbl_mp_portfolio.php START
2025-08-30T20:20:11+00:00 tbl_mp_portfolio.php END
2025-08-30T20:20:26+00:00 tbl_mp_portfolio.php START
2025-08-30T20:20:26+00:00 tbl_mp_portfolio.php END
2025-08-31T12:54:06+00:00 tbl_mp_portfolio.php START
2025-08-31T12:54:06+00:00 tbl_mp_portfolio.php END
2025-08-31T15:03:34+00:00 tbl_mp_portfolio.php START
2025-08-31T15:03:34+00:00 tbl_mp_portfolio.php END
2025-08-31T15:03:47+00:00 tbl_mp_portfolio.php START
2025-08-31T15:03:47+00:00 tbl_mp_portfolio.php END
2025-08-31T15:06:17+00:00 tbl_mp_portfolio.php START
2025-08-31T15:06:17+00:00 tbl_mp_portfolio.php END
2025-08-31T15:08:37+00:00 tbl_mp_portfolio.php START
2025-08-31T15:08:37+00:00 tbl_mp_portfolio.php END
2025-08-31T15:10:44+00:00 tbl_mp_portfolio.php START
2025-08-31T15:10:44+00:00 tbl_mp_portfolio.php END
2025-08-31T15:11:14+00:00 tbl_mp_portfolio.php START
2025-08-31T15:11:14+00:00 tbl_mp_portfolio.php END
2025-08-31T15:12:05+00:00 tbl_mp_portfolio.php START
2025-08-31T15:12:05+00:00 tbl_mp_portfolio.php END
2025-08-31T15:14:47+00:00 tbl_mp_portfolio.php START
2025-08-31T15:14:47+00:00 tbl_mp_portfolio.php END
2025-08-31T15:14:47+00:00 tbl_mp_portfolio.php START
2025-08-31T15:14:47+00:00 tbl_mp_portfolio.php END
2025-08-31T15:14:47+00:00 tbl_mp_portfolio.php START
2025-08-31T15:14:47+00:00 tbl_mp_portfolio.php END
2025-08-31T15:14:48+00:00 tbl_mp_portfolio.php START
2025-08-31T15:14:48+00:00 tbl_mp_portfolio.php END
2025-08-31T15:14:48+00:00 tbl_mp_portfolio.php START
2025-08-31T15:14:48+00:00 tbl_mp_portfolio.php END
2025-08-31T15:14:48+00:00 tbl_mp_portfolio.php START
2025-08-31T15:14:48+00:00 tbl_mp_portfolio.php END
2025-08-31T15:14:48+00:00 tbl_mp_portfolio.php START
2025-08-31T15:14:48+00:00 tbl_mp_portfolio.php END
2025-08-31T15:14:48+00:00 tbl_mp_portfolio.php START
2025-08-31T15:14:48+00:00 tbl_mp_portfolio.php END
2025-08-31T15:14:48+00:00 tbl_mp_portfolio.php START
2025-08-31T15:14:48+00:00 tbl_mp_portfolio.php END
2025-08-31T15:14:48+00:00 tbl_mp_portfolio.php START
2025-08-31T15:14:48+00:00 tbl_mp_portfolio.php END
2025-08-31T15:14:48+00:00 tbl_mp_portfolio.php START
2025-08-31T15:14:48+00:00 tbl_mp_portfolio.php END
2025-08-31T15:14:48+00:00 tbl_mp_portfolio.php START
2025-08-31T15:14:48+00:00 tbl_mp_portfolio.php END
2025-08-31T15:14:48+00:00 tbl_mp_portfolio.php START
2025-08-31T15:14:48+00:00 tbl_mp_portfolio.php END
2025-08-31T15:14:48+00:00 tbl_mp_portfolio.php START
2025-08-31T15:14:48+00:00 tbl_mp_portfolio.php END
2025-08-31T15:14:48+00:00 tbl_mp_portfolio.php START
2025-08-31T15:14:48+00:00 tbl_mp_portfolio.php END
2025-08-31T15:14:48+00:00 tbl_mp_portfolio.php START
2025-08-31T15:14:48+00:00 tbl_mp_portfolio.php END
2025-08-31T15:14:48+00:00 tbl_mp_portfolio.php START
2025-08-31T15:14:48+00:00 tbl_mp_portfolio.php END
2025-08-31T15:14:48+00:00 tbl_mp_portfolio.php START
2025-08-31T15:14:48+00:00 tbl_mp_portfolio.php END
2025-08-31T15:14:48+00:00 tbl_mp_portfolio.php START
2025-08-31T15:14:48+00:00 tbl_mp_portfolio.php END
2025-08-31T15:14:48+00:00 tbl_mp_portfolio.php START
2025-08-31T15:14:48+00:00 tbl_mp_portfolio.php END
2025-08-31T15:14:56+00:00 tbl_mp_portfolio.php START
2025-08-31T15:14:56+00:00 tbl_mp_portfolio.php END
2025-08-31T15:17:03+00:00 tbl_mp_portfolio.php START
2025-08-31T15:17:03+00:00 tbl_mp_portfolio.php END
2025-08-31T15:20:08+00:00 tbl_mp_portfolio.php START
2025-08-31T15:20:08+00:00 tbl_mp_portfolio.php END
2025-08-31T15:25:48+00:00 tbl_mp_portfolio.php START
2025-08-31T15:25:48+00:00 tbl_mp_portfolio.php END
2025-08-31T15:27:43+00:00 tbl_mp_portfolio.php START
2025-08-31T15:27:43+00:00 tbl_mp_portfolio.php END
2025-08-31T15:32:07+00:00 tbl_mp_portfolio.php START
2025-08-31T15:32:07+00:00 tbl_mp_portfolio.php END
2025-08-31T15:34:39+00:00 tbl_mp_portfolio.php START
2025-08-31T15:34:39+00:00 tbl_mp_portfolio.php END
2025-08-31T15:45:43+00:00 tbl_mp_portfolio.php START
2025-08-31T15:45:43+00:00 tbl_mp_portfolio.php END
2025-08-31T16:02:08+00:00 tbl_mp_portfolio.php START
2025-08-31T16:02:08+00:00 tbl_mp_portfolio.php END
2025-08-31T16:02:51+00:00 tbl_mp_portfolio.php START
2025-08-31T16:02:51+00:00 tbl_mp_portfolio.php END
2025-08-31T16:03:15+00:00 tbl_mp_portfolio.php START
2025-08-31T16:03:15+00:00 tbl_mp_portfolio.php END
2025-08-31T16:03:40+00:00 tbl_mp_portfolio.php START
2025-08-31T16:03:40+00:00 tbl_mp_portfolio.php END
2025-08-31T16:05:51+00:00 tbl_mp_portfolio.php START
2025-08-31T16:05:51+00:00 tbl_mp_portfolio.php END
2025-08-31T16:08:02+00:00 tbl_mp_portfolio.php START
2025-08-31T16:08:02+00:00 tbl_mp_portfolio.php END
2025-08-31T16:08:05+00:00 tbl_mp_portfolio.php START
2025-08-31T16:08:05+00:00 tbl_mp_portfolio.php END
2025-08-31T16:08:09+00:00 tbl_mp_portfolio.php START
2025-08-31T16:08:09+00:00 tbl_mp_portfolio.php END
2025-08-31T16:08:11+00:00 tbl_mp_portfolio.php START
2025-08-31T16:08:11+00:00 tbl_mp_portfolio.php END
2025-08-31T16:08:13+00:00 tbl_mp_portfolio.php START
2025-08-31T16:08:13+00:00 tbl_mp_portfolio.php END
2025-08-31T16:08:15+00:00 tbl_mp_portfolio.php START
2025-08-31T16:08:15+00:00 tbl_mp_portfolio.php END
2025-08-31T16:08:19+00:00 tbl_mp_portfolio.php START
2025-08-31T16:08:19+00:00 tbl_mp_portfolio.php END
2025-08-31T16:09:33+00:00 tbl_mp_portfolio.php START
2025-08-31T16:09:33+00:00 tbl_mp_portfolio.php END
2025-08-31T16:10:04+00:00 tbl_mp_portfolio.php START
2025-08-31T16:10:04+00:00 tbl_mp_portfolio.php END
2025-08-31T16:10:07+00:00 tbl_mp_portfolio.php START
2025-08-31T16:10:07+00:00 tbl_mp_portfolio.php END
2025-08-31T16:10:09+00:00 tbl_mp_portfolio.php START
2025-08-31T16:10:09+00:00 tbl_mp_portfolio.php END
2025-08-31T16:12:34+00:00 tbl_mp_portfolio.php START
2025-08-31T16:12:34+00:00 tbl_mp_portfolio.php END
2025-08-31T16:13:04+00:00 tbl_mp_portfolio.php START
2025-08-31T16:13:04+00:00 tbl_mp_portfolio.php END
2025-08-31T16:15:12+00:00 tbl_mp_portfolio.php START
2025-08-31T16:15:12+00:00 tbl_mp_portfolio.php END
2025-08-31T16:15:43+00:00 tbl_mp_portfolio.php START
2025-08-31T16:15:43+00:00 tbl_mp_portfolio.php END
2025-08-31T16:15:53+00:00 tbl_mp_portfolio.php START
2025-08-31T16:15:53+00:00 tbl_mp_portfolio.php END
2025-08-31T16:16:16+00:00 tbl_mp_portfolio.php START
2025-08-31T16:16:16+00:00 tbl_mp_portfolio.php END
2025-08-31T16:16:56+00:00 tbl_mp_portfolio.php START
2025-08-31T16:16:56+00:00 tbl_mp_portfolio.php END
2025-08-31T16:26:55+00:00 tbl_mp_portfolio.php START
2025-08-31T16:26:55+00:00 tbl_mp_portfolio.php END
2025-09-01T09:07:10+00:00 tbl_mp_portfolio.php START
2025-09-01T09:07:10+00:00 tbl_mp_portfolio.php END
2025-09-01T09:22:55+00:00 tbl_mp_portfolio.php START
2025-09-01T09:22:55+00:00 tbl_mp_portfolio.php END
2025-09-01T09:23:33+00:00 tbl_mp_portfolio.php START
2025-09-01T09:23:33+00:00 tbl_mp_portfolio.php END
2025-09-01T09:38:52+00:00 tbl_mp_portfolio.php START
2025-09-01T09:38:52+00:00 tbl_mp_portfolio.php END
2025-09-01T09:39:14+00:00 tbl_mp_portfolio.php START
2025-09-01T09:39:14+00:00 tbl_mp_portfolio.php END
2025-09-01T09:41:50+00:00 tbl_mp_portfolio.php START
2025-09-01T09:41:50+00:00 tbl_mp_portfolio.php END
2025-09-01T09:44:12+00:00 tbl_mp_portfolio.php START
2025-09-01T09:44:12+00:00 tbl_mp_portfolio.php END
2025-09-01T09:50:11+00:00 tbl_mp_portfolio.php START
2025-09-01T09:50:11+00:00 tbl_mp_portfolio.php END
2025-09-01T09:50:26+00:00 tbl_mp_portfolio.php START
2025-09-01T09:50:26+00:00 tbl_mp_portfolio.php END
2025-09-01T09:54:03+00:00 tbl_mp_portfolio.php START
2025-09-01T09:54:03+00:00 tbl_mp_portfolio.php END
2025-09-01T10:00:37+00:00 tbl_mp_portfolio.php START
2025-09-01T10:00:37+00:00 tbl_mp_portfolio.php END
2025-09-01T10:06:27+00:00 tbl_mp_portfolio.php START
2025-09-01T10:06:59+00:00 tbl_mp_portfolio.php START
2025-09-01T10:07:05+00:00 tbl_mp_portfolio.php START
2025-09-01T10:07:34+00:00 tbl_mp_portfolio.php START
2025-09-01T10:07:49+00:00 tbl_mp_portfolio.php START
2025-09-01T12:08:37+00:00 tbl_mp_portfolio.php START
2025-09-01T12:08:37+00:00 tbl_mp_portfolio.php END
2025-09-01T15:02:39+00:00 tbl_mp_portfolio.php START
2025-09-01T15:02:39+00:00 tbl_mp_portfolio.php END
2025-09-01T15:36:18+00:00 tbl_mp_portfolio.php START
2025-09-01T15:36:18+00:00 tbl_mp_portfolio.php END
2025-09-01T15:36:40+00:00 tbl_mp_portfolio.php START
2025-09-01T15:36:40+00:00 tbl_mp_portfolio.php END
2025-09-01T15:40:06+00:00 tbl_mp_portfolio.php START
2025-09-01T15:40:06+00:00 tbl_mp_portfolio.php END
2025-09-01T15:46:15+00:00 tbl_mp_portfolio.php START
2025-09-01T15:46:15+00:00 tbl_mp_portfolio.php END
2025-09-01T15:48:39+00:00 tbl_mp_portfolio.php START
2025-09-01T15:48:39+00:00 tbl_mp_portfolio.php END
2025-09-01T15:49:34+00:00 tbl_mp_portfolio.php START
2025-09-01T15:49:34+00:00 tbl_mp_portfolio.php END
2025-09-01T15:49:51+00:00 tbl_mp_portfolio.php START
2025-09-01T15:49:51+00:00 tbl_mp_portfolio.php END
2025-09-01T17:43:55+00:00 tbl_mp_portfolio.php START
2025-09-01T17:43:55+00:00 tbl_mp_portfolio.php END
2025-09-01T17:44:21+00:00 tbl_mp_portfolio.php START
2025-09-01T17:44:21+00:00 tbl_mp_portfolio.php END
2025-09-01T17:48:10+00:00 tbl_mp_portfolio.php START
2025-09-01T17:48:10+00:00 tbl_mp_portfolio.php END
2025-09-01T17:48:23+00:00 tbl_mp_portfolio.php START
2025-09-01T17:48:23+00:00 tbl_mp_portfolio.php END
2025-09-01T18:28:07+00:00 tbl_mp_portfolio.php START
2025-09-01T18:28:07+00:00 tbl_mp_portfolio.php END
2025-09-01T18:28:08+00:00 tbl_mp_portfolio.php START
2025-09-01T18:28:08+00:00 tbl_mp_portfolio.php END
2025-09-01T18:28:29+00:00 tbl_mp_portfolio.php START
2025-09-01T18:28:29+00:00 tbl_mp_portfolio.php END
2025-09-01T18:30:07+00:00 tbl_mp_portfolio.php START
2025-09-01T18:30:07+00:00 tbl_mp_portfolio.php END
2025-09-01T18:33:16+00:00 tbl_mp_portfolio.php START
2025-09-01T18:33:16+00:00 tbl_mp_portfolio.php END
2025-09-01T18:33:48+00:00 tbl_mp_portfolio.php START
2025-09-01T18:33:48+00:00 tbl_mp_portfolio.php END
2025-09-01T18:35:54+00:00 tbl_mp_portfolio.php START
2025-09-01T18:35:54+00:00 tbl_mp_portfolio.php END
2025-09-01T18:37:15+00:00 tbl_mp_portfolio.php START
2025-09-01T18:37:15+00:00 tbl_mp_portfolio.php END
2025-09-01T18:38:26+00:00 tbl_mp_portfolio.php START
2025-09-01T18:38:26+00:00 tbl_mp_portfolio.php END
2025-09-01T18:40:39+00:00 tbl_mp_portfolio.php START
2025-09-01T18:40:39+00:00 tbl_mp_portfolio.php END
2025-09-01T18:44:02+00:00 tbl_mp_portfolio.php START
2025-09-01T18:44:02+00:00 tbl_mp_portfolio.php END
2025-09-01T18:44:40+00:00 tbl_mp_portfolio.php START
2025-09-01T18:44:40+00:00 tbl_mp_portfolio.php END
2025-09-01T18:46:25+00:00 tbl_mp_portfolio.php START
2025-09-01T18:46:25+00:00 tbl_mp_portfolio.php END
2025-09-01T18:49:19+00:00 tbl_mp_portfolio.php START
2025-09-01T18:49:19+00:00 tbl_mp_portfolio.php END
2025-09-01T18:49:23+00:00 tbl_mp_portfolio.php START
2025-09-01T18:49:23+00:00 tbl_mp_portfolio.php END
2025-09-01T20:31:32+00:00 tbl_mp_portfolio.php START
2025-09-01T20:31:32+00:00 tbl_mp_portfolio.php END
2025-09-01T20:35:55+00:00 tbl_mp_portfolio.php START
2025-09-01T20:35:55+00:00 tbl_mp_portfolio.php END
2025-09-01T20:36:07+00:00 tbl_mp_portfolio.php START
2025-09-01T20:36:07+00:00 tbl_mp_portfolio.php END
2025-09-01T20:36:26+00:00 tbl_mp_portfolio.php START
2025-09-01T20:36:26+00:00 tbl_mp_portfolio.php END
2025-09-01T20:36:51+00:00 tbl_mp_portfolio.php START
2025-09-01T20:36:51+00:00 tbl_mp_portfolio.php END
2025-09-03T08:56:17+00:00 tbl_mp_portfolio.php START
2025-09-03T08:56:17+00:00 tbl_mp_portfolio.php END
2025-09-03T08:59:02+00:00 tbl_mp_portfolio.php START
2025-09-03T08:59:02+00:00 tbl_mp_portfolio.php END
2025-09-03T08:59:13+00:00 tbl_mp_portfolio.php START
2025-09-03T08:59:13+00:00 tbl_mp_portfolio.php END
2025-09-03T09:10:32+00:00 tbl_mp_hours.php START
2025-09-03T09:10:32+00:00 tbl_mp_hours.php END
2025-09-03T09:10:37+00:00 tbl_mp_hours.php START
2025-09-03T09:10:37+00:00 tbl_mp_hours.php END
2025-09-03T09:10:51+00:00 tbl_mp_hours.php START
2025-09-03T09:27:25+00:00 tbl_mp_hours.php START
2025-09-03T09:27:29+00:00 tbl_mp_hours.php START
2025-09-03T09:27:50+00:00 tbl_mp_hours.php START
2025-09-03T09:27:50+00:00 tbl_mp_hours.php END
2025-09-03T09:32:00+00:00 tbl_mp_hours.php START
2025-09-03T09:32:00+00:00 tbl_mp_hours.php END
2025-09-03T09:33:49+00:00 tbl_mp_hours.php START
2025-09-03T09:33:49+00:00 tbl_mp_hours.php END
2025-09-03T09:35:40+00:00 tbl_mp_hours.php START
2025-09-03T09:35:40+00:00 tbl_mp_hours.php END
2025-09-03T09:51:55+00:00 tbl_mp_hours.php START
2025-09-03T09:51:55+00:00 tbl_mp_hours.php END
2025-09-03T09:52:10+00:00 tbl_mp_hours.php START
2025-09-03T09:52:10+00:00 tbl_mp_hours.php END
2025-09-03T12:22:06+00:00 tbl_mp_hours.php START
2025-09-03T12:22:06+00:00 tbl_mp_hours.php END
2025-09-03T12:22:53+00:00 tbl_mp_hours.php START
2025-09-03T12:22:53+00:00 tbl_mp_hours.php END
2025-09-03T12:23:44+00:00 tbl_mp_hours.php START
2025-09-03T12:23:44+00:00 tbl_mp_hours.php END
2025-09-03T12:27:43+00:00 tbl_mp_hours.php START
2025-09-03T12:27:43+00:00 tbl_mp_hours.php END
2025-09-03T14:14:16+00:00 tbl_mp_hours.php START
2025-09-03T14:14:16+00:00 tbl_mp_hours.php END
2025-09-03T14:17:37+00:00 tbl_mp_hours.php START
2025-09-03T14:17:37+00:00 tbl_mp_hours.php END
2025-09-03T18:26:29+00:00 tbl_mp_hours.php START
2025-09-03T18:26:29+00:00 tbl_mp_hours.php END
2025-09-03T21:20:20+00:00 tbl_mp_hours.php START
2025-09-03T21:20:20+00:00 tbl_mp_hours.php END
2025-09-04T05:35:47+00:00 tbl_mp_hours.php START
2025-09-04T05:35:47+00:00 tbl_mp_hours.php END
2025-09-04T05:36:26+00:00 tbl_mp_hours.php START
2025-09-04T05:36:26+00:00 tbl_mp_hours.php END
2025-09-04T05:39:29+00:00 tbl_mp_hours.php START
2025-09-04T05:39:29+00:00 tbl_mp_hours.php END
2025-09-04T05:44:16+00:00 tbl_mp_hours.php START
2025-09-04T05:44:16+00:00 tbl_mp_hours.php END
2025-09-04T05:44:18+00:00 tbl_mp_hours.php START
2025-09-04T05:44:18+00:00 tbl_mp_hours.php END
2025-09-04T05:45:00+00:00 tbl_mp_hours.php START
2025-09-04T05:45:00+00:00 tbl_mp_hours.php END
2025-09-04T05:47:07+00:00 tbl_mp_hours.php START
2025-09-04T05:47:07+00:00 tbl_mp_hours.php END
2025-09-04T06:27:01+00:00 tbl_mp_hours.php START
2025-09-04T06:27:01+00:00 tbl_mp_hours.php END
2025-09-04T06:31:00+00:00 tbl_mp_hours.php START
2025-09-04T06:31:00+00:00 tbl_mp_hours.php END
2025-09-04T08:50:52+00:00 tbl_mp_hours.php START
2025-09-04T08:50:52+00:00 tbl_mp_hours.php END
2025-09-04T09:10:22+00:00 tbl_mp_hours.php START
2025-09-04T09:10:22+00:00 tbl_mp_hours.php END
2025-09-04T09:10:31+00:00 tbl_mp_hours.php START
2025-09-04T09:10:31+00:00 tbl_mp_hours.php END
2025-09-04T09:16:58+00:00 tbl_mp_hours.php START
2025-09-04T09:16:58+00:00 tbl_mp_hours.php END
2025-09-04T09:17:28+00:00 tbl_mp_hours.php START
2025-09-04T09:17:28+00:00 tbl_mp_hours.php END
2025-09-04T09:33:35+00:00 tbl_mp_hours.php START
2025-09-04T09:33:35+00:00 tbl_mp_hours.php END
2025-09-04T09:33:52+00:00 tbl_mp_hours.php START
2025-09-04T09:33:52+00:00 tbl_mp_hours.php END
2025-09-04T09:38:14+00:00 tbl_mp_hours.php START
2025-09-04T09:38:14+00:00 tbl_mp_hours.php END
2025-09-04T09:41:00+00:00 tbl_mp_hours.php START
2025-09-04T09:41:00+00:00 tbl_mp_hours.php END
2025-09-04T09:41:20+00:00 tbl_mp_hours.php START
2025-09-04T09:41:20+00:00 tbl_mp_hours.php END
2025-09-04T09:44:19+00:00 tbl_mp_hours.php START
2025-09-04T09:44:19+00:00 tbl_mp_hours.php END
2025-09-04T09:44:35+00:00 tbl_mp_hours.php START
2025-09-04T09:44:35+00:00 tbl_mp_hours.php END
2025-09-04T09:49:55+00:00 tbl_mp_hours.php START
2025-09-04T09:49:55+00:00 tbl_mp_hours.php END
2025-09-04T09:49:58+00:00 tbl_mp_hours.php START
2025-09-04T09:49:58+00:00 tbl_mp_hours.php END
2025-09-04T09:50:10+00:00 tbl_mp_hours.php START
2025-09-04T09:50:10+00:00 tbl_mp_hours.php END
2025-09-04T09:54:45+00:00 tbl_mp_hours.php START
2025-09-04T09:54:45+00:00 tbl_mp_hours.php END
2025-09-04T09:55:28+00:00 tbl_mp_hours.php START
2025-09-04T09:55:28+00:00 tbl_mp_hours.php END
2025-09-04T09:56:01+00:00 tbl_mp_hours.php START
2025-09-04T09:56:01+00:00 tbl_mp_hours.php END
2025-09-04T09:56:27+00:00 tbl_mp_hours.php START
2025-09-04T09:56:27+00:00 tbl_mp_hours.php END
2025-09-04T09:57:19+00:00 tbl_mp_hours.php START
2025-09-04T09:57:19+00:00 tbl_mp_hours.php END
2025-09-04T12:29:53+00:00 tbl_mp_hours.php START
2025-09-04T12:29:53+00:00 tbl_mp_hours.php END
2025-09-04T12:35:27+00:00 tbl_mp_hours.php START
2025-09-04T12:35:27+00:00 tbl_mp_hours.php END
2025-09-04T12:58:49+00:00 tbl_mp_hours.php START
2025-09-04T12:58:49+00:00 tbl_mp_hours.php END
2025-09-04T12:59:42+00:00 tbl_mp_hours.php START
2025-09-04T12:59:42+00:00 tbl_mp_hours.php END
2025-09-04T13:28:02+00:00 tbl_mp_hours.php START
2025-09-04T13:28:02+00:00 tbl_mp_hours.php END
2025-09-04T18:51:57+00:00 tbl_mp_hours.php START
2025-09-04T18:51:57+00:00 tbl_mp_hours.php END
2025-09-04T18:52:38+00:00 tbl_mp_hours.php START
2025-09-04T18:52:38+00:00 tbl_mp_hours.php END
2025-09-04T18:57:25+00:00 tbl_mp_hours.php START
2025-09-04T18:57:25+00:00 tbl_mp_hours.php END
2025-09-04T18:57:27+00:00 tbl_mp_hours.php START
2025-09-04T18:57:27+00:00 tbl_mp_hours.php END
2025-09-04T18:57:28+00:00 tbl_mp_hours.php START
2025-09-04T18:57:28+00:00 tbl_mp_hours.php END
2025-09-04T18:57:46+00:00 tbl_mp_hours.php START
2025-09-04T18:57:46+00:00 tbl_mp_hours.php END
2025-09-04T18:58:19+00:00 tbl_mp_hours.php START
2025-09-04T18:58:19+00:00 tbl_mp_hours.php END
2025-09-04T19:14:16+00:00 tbl_mp_hours.php START
2025-09-04T19:14:16+00:00 tbl_mp_hours.php END
2025-09-04T19:15:20+00:00 tbl_mp_hours.php START
2025-09-04T19:15:20+00:00 tbl_mp_hours.php END
2025-09-04T19:15:22+00:00 tbl_mp_hours.php START
2025-09-04T19:15:22+00:00 tbl_mp_hours.php END
2025-09-04T19:17:04+00:00 tbl_mp_hours.php START
2025-09-04T19:17:04+00:00 tbl_mp_hours.php END
2025-09-04T19:19:40+00:00 tbl_mp_hours.php START
2025-09-04T19:19:40+00:00 tbl_mp_hours.php END
2025-09-04T19:19:47+00:00 tbl_mp_hours.php START
2025-09-04T19:19:47+00:00 tbl_mp_hours.php END
2025-09-04T19:20:28+00:00 tbl_mp_hours.php START
2025-09-04T19:20:28+00:00 tbl_mp_hours.php END
2025-09-04T19:20:31+00:00 tbl_mp_hours.php START
2025-09-04T19:20:31+00:00 tbl_mp_hours.php END
2025-09-04T19:21:29+00:00 tbl_mp_hours.php START
2025-09-04T19:21:29+00:00 tbl_mp_hours.php END
2025-09-04T19:21:32+00:00 tbl_mp_hours.php START
2025-09-04T19:21:32+00:00 tbl_mp_hours.php END
2025-09-04T19:24:12+00:00 tbl_mp_hours.php START
2025-09-04T19:24:12+00:00 tbl_mp_hours.php END
2025-09-04T19:24:24+00:00 tbl_mp_hours.php START
2025-09-04T19:24:24+00:00 tbl_mp_hours.php END
2025-09-04T19:38:50+00:00 tbl_mp_hours.php START
2025-09-04T19:38:50+00:00 tbl_mp_hours.php END
2025-09-08T19:38:28+00:00 tbl_mp_hours.php START
2025-09-08T19:38:28+00:00 tbl_mp_hours.php END
2025-09-08T19:39:09+00:00 tbl_mp_hours.php START
2025-09-08T19:39:09+00:00 tbl_mp_hours.php END
2025-09-08T19:43:32+00:00 tbl_mp_hours.php START
2025-09-08T19:43:32+00:00 tbl_mp_hours.php END
2025-09-08T19:44:45+00:00 tbl_mp_hours.php START
2025-09-08T19:44:45+00:00 tbl_mp_hours.php END
2025-09-08T19:45:44+00:00 tbl_mp_hours.php START
2025-09-08T19:45:44+00:00 tbl_mp_hours.php END
2025-09-08T19:46:16+00:00 tbl_mp_hours.php START
2025-09-08T19:46:16+00:00 tbl_mp_hours.php END
2025-09-08T19:47:06+00:00 tbl_mp_hours.php START
2025-09-08T19:47:06+00:00 tbl_mp_hours.php END
2025-09-08T19:52:39+00:00 tbl_mp_hours.php START
2025-09-08T19:52:39+00:00 tbl_mp_hours.php END
2025-09-08T19:56:42+00:00 tbl_mp_hours.php START
2025-09-08T19:56:42+00:00 tbl_mp_hours.php END
2025-09-09T14:39:36+00:00 tbl_mp_hours.php START
2025-09-09T14:39:36+00:00 tbl_mp_hours.php START
2025-09-09T14:39:36+00:00 tbl_mp_hours.php START
2025-09-09T14:39:36+00:00 tbl_mp_hours.php START
2025-09-09T14:39:36+00:00 tbl_mp_hours.php START
2025-09-09T14:39:36+00:00 tbl_mp_hours.php START
2025-09-09T14:39:36+00:00 tbl_mp_hours.php START
2025-09-09T14:39:36+00:00 tbl_mp_hours.php START
2025-09-09T14:39:36+00:00 tbl_mp_hours.php START
2025-09-09T14:39:36+00:00 tbl_mp_hours.php START
2025-09-09T14:39:36+00:00 tbl_mp_hours.php START
2025-09-09T14:39:36+00:00 tbl_mp_hours.php START
2025-09-09T14:39:36+00:00 tbl_mp_hours.php START
2025-09-09T14:39:36+00:00 tbl_mp_hours.php START
2025-09-09T14:39:36+00:00 tbl_mp_hours.php START
2025-09-09T14:39:37+00:00 tbl_mp_hours.php START
2025-09-09T14:39:37+00:00 tbl_mp_hours.php START
2025-09-09T14:39:37+00:00 tbl_mp_hours.php START
2025-09-09T14:39:37+00:00 tbl_mp_hours.php START
2025-09-09T14:39:37+00:00 tbl_mp_hours.php START
2025-09-09T14:39:38+00:00 tbl_mp_hours.php START
2025-09-09T14:39:38+00:00 tbl_mp_hours.php START
2025-09-09T14:39:38+00:00 tbl_mp_hours.php START
2025-09-09T14:39:38+00:00 tbl_mp_hours.php START
2025-09-09T14:39:38+00:00 tbl_mp_hours.php START
2025-09-09T14:39:38+00:00 tbl_mp_hours.php START
2025-09-09T14:39:38+00:00 tbl_mp_hours.php START
2025-09-09T14:39:38+00:00 tbl_mp_hours.php START
2025-09-09T14:39:38+00:00 tbl_mp_hours.php START
2025-09-09T14:39:38+00:00 tbl_mp_hours.php START
2025-09-09T14:39:38+00:00 tbl_mp_hours.php START
2025-09-09T14:39:38+00:00 tbl_mp_hours.php START
2025-09-09T14:39:38+00:00 tbl_mp_hours.php START
2025-09-09T14:39:38+00:00 tbl_mp_hours.php START
2025-09-09T14:39:38+00:00 tbl_mp_hours.php START
2025-09-09T14:39:38+00:00 tbl_mp_hours.php START
2025-09-09T14:39:38+00:00 tbl_mp_hours.php START
2025-09-09T14:39:38+00:00 tbl_mp_hours.php START
2025-09-09T14:39:38+00:00 tbl_mp_hours.php START
2025-09-09T14:39:38+00:00 tbl_mp_hours.php START
2025-09-09T14:39:42+00:00 tbl_mp_hours.php START
2025-09-09T14:39:42+00:00 tbl_mp_hours.php START
2025-09-09T14:39:42+00:00 tbl_mp_hours.php START
2025-09-09T14:39:42+00:00 tbl_mp_hours.php START
2025-09-09T14:39:42+00:00 tbl_mp_hours.php START
2025-09-09T14:39:42+00:00 tbl_mp_hours.php START
2025-09-09T14:39:42+00:00 tbl_mp_hours.php START
2025-09-09T14:39:42+00:00 tbl_mp_hours.php START
2025-09-09T14:39:42+00:00 tbl_mp_hours.php START
2025-09-09T14:39:42+00:00 tbl_mp_hours.php START
2025-09-09T14:39:42+00:00 tbl_mp_hours.php START
2025-09-09T14:39:42+00:00 tbl_mp_hours.php START
2025-09-09T14:39:42+00:00 tbl_mp_hours.php START
2025-09-09T14:39:42+00:00 tbl_mp_hours.php START
2025-09-09T14:39:42+00:00 tbl_mp_hours.php START
2025-09-09T14:39:42+00:00 tbl_mp_hours.php START
2025-09-09T14:39:42+00:00 tbl_mp_hours.php START
2025-09-09T14:39:42+00:00 tbl_mp_hours.php START
2025-09-09T14:39:42+00:00 tbl_mp_hours.php START
2025-09-09T14:39:42+00:00 tbl_mp_hours.php START
2025-09-09T14:39:47+00:00 tbl_mp_hours.php START
2025-09-09T14:39:47+00:00 tbl_mp_hours.php START
2025-09-09T14:39:47+00:00 tbl_mp_hours.php START
2025-09-09T14:39:47+00:00 tbl_mp_hours.php START
2025-09-09T14:39:47+00:00 tbl_mp_hours.php START
2025-09-09T14:39:47+00:00 tbl_mp_hours.php START
2025-09-09T14:39:47+00:00 tbl_mp_hours.php START
2025-09-09T14:39:47+00:00 tbl_mp_hours.php START
2025-09-09T14:39:47+00:00 tbl_mp_hours.php START
2025-09-09T14:39:47+00:00 tbl_mp_hours.php START
2025-09-09T14:39:47+00:00 tbl_mp_hours.php START
2025-09-09T14:39:47+00:00 tbl_mp_hours.php START
2025-09-09T14:39:47+00:00 tbl_mp_hours.php START
2025-09-09T14:39:47+00:00 tbl_mp_hours.php START
2025-09-09T14:39:47+00:00 tbl_mp_hours.php START
2025-09-09T14:39:47+00:00 tbl_mp_hours.php START
2025-09-09T14:39:47+00:00 tbl_mp_hours.php START
2025-09-09T14:39:47+00:00 tbl_mp_hours.php START
2025-09-09T14:39:47+00:00 tbl_mp_hours.php START
2025-09-09T14:39:47+00:00 tbl_mp_hours.php START
2025-09-09T14:39:54+00:00 tbl_mp_hours.php START
2025-09-09T14:39:54+00:00 tbl_mp_hours.php START
2025-09-09T14:39:54+00:00 tbl_mp_hours.php START
2025-09-09T14:39:54+00:00 tbl_mp_hours.php START
2025-09-09T14:39:54+00:00 tbl_mp_hours.php START
2025-09-09T14:39:54+00:00 tbl_mp_hours.php START
2025-09-09T14:39:54+00:00 tbl_mp_hours.php START
2025-09-09T14:39:54+00:00 tbl_mp_hours.php START
2025-09-09T14:39:54+00:00 tbl_mp_hours.php START
2025-09-09T14:39:54+00:00 tbl_mp_hours.php START
2025-09-09T14:39:54+00:00 tbl_mp_hours.php START
2025-09-09T14:39:54+00:00 tbl_mp_hours.php START
2025-09-09T14:39:54+00:00 tbl_mp_hours.php START
2025-09-09T14:39:54+00:00 tbl_mp_hours.php START
2025-09-09T14:39:54+00:00 tbl_mp_hours.php START
2025-09-09T14:39:54+00:00 tbl_mp_hours.php START
2025-09-09T14:39:54+00:00 tbl_mp_hours.php START
2025-09-09T14:39:54+00:00 tbl_mp_hours.php START
2025-09-09T14:39:54+00:00 tbl_mp_hours.php START
2025-09-09T14:39:54+00:00 tbl_mp_hours.php START
2025-09-09T14:42:34+00:00 tbl_mp_hours.php START
2025-09-09T14:42:34+00:00 tbl_mp_hours.php START
2025-09-09T14:42:34+00:00 tbl_mp_hours.php START
2025-09-09T14:42:34+00:00 tbl_mp_hours.php START
2025-09-09T14:42:34+00:00 tbl_mp_hours.php START
2025-09-09T14:42:34+00:00 tbl_mp_hours.php START
2025-09-09T14:42:34+00:00 tbl_mp_hours.php START
2025-09-09T14:42:34+00:00 tbl_mp_hours.php START
2025-09-09T14:42:34+00:00 tbl_mp_hours.php START
2025-09-09T14:42:34+00:00 tbl_mp_hours.php START
2025-09-09T14:42:34+00:00 tbl_mp_hours.php START
2025-09-09T14:42:34+00:00 tbl_mp_hours.php START
2025-09-09T14:42:34+00:00 tbl_mp_hours.php START
2025-09-09T14:42:34+00:00 tbl_mp_hours.php START
2025-09-09T14:42:34+00:00 tbl_mp_hours.php START
2025-09-09T14:42:34+00:00 tbl_mp_hours.php START
2025-09-09T14:42:34+00:00 tbl_mp_hours.php START
2025-09-09T14:42:34+00:00 tbl_mp_hours.php START
2025-09-09T14:42:34+00:00 tbl_mp_hours.php START
2025-09-09T14:42:34+00:00 tbl_mp_hours.php START
2025-09-09T14:42:35+00:00 tbl_mp_hours.php START
2025-09-09T14:42:35+00:00 tbl_mp_hours.php START
2025-09-09T14:42:35+00:00 tbl_mp_hours.php START
2025-09-09T14:42:35+00:00 tbl_mp_hours.php START
2025-09-09T14:42:35+00:00 tbl_mp_hours.php START
2025-09-09T14:42:35+00:00 tbl_mp_hours.php START
2025-09-09T14:42:35+00:00 tbl_mp_hours.php START
2025-09-09T14:42:35+00:00 tbl_mp_hours.php START
2025-09-09T14:42:35+00:00 tbl_mp_hours.php START
2025-09-09T14:42:35+00:00 tbl_mp_hours.php START
2025-09-09T14:42:35+00:00 tbl_mp_hours.php START
2025-09-09T14:42:35+00:00 tbl_mp_hours.php START
2025-09-09T14:42:35+00:00 tbl_mp_hours.php START
2025-09-09T14:42:35+00:00 tbl_mp_hours.php START
2025-09-09T14:42:35+00:00 tbl_mp_hours.php START
2025-09-09T14:42:35+00:00 tbl_mp_hours.php START
2025-09-09T14:42:35+00:00 tbl_mp_hours.php START
2025-09-09T14:42:35+00:00 tbl_mp_hours.php START
2025-09-09T14:42:35+00:00 tbl_mp_hours.php START
2025-09-09T14:42:35+00:00 tbl_mp_hours.php START
2025-09-09T14:42:40+00:00 tbl_mp_hours.php START
2025-09-09T14:42:40+00:00 tbl_mp_hours.php START
2025-09-09T14:42:40+00:00 tbl_mp_hours.php START
2025-09-09T14:42:40+00:00 tbl_mp_hours.php START
2025-09-09T14:42:40+00:00 tbl_mp_hours.php START
2025-09-09T14:42:40+00:00 tbl_mp_hours.php START
2025-09-09T14:42:40+00:00 tbl_mp_hours.php START
2025-09-09T14:42:41+00:00 tbl_mp_hours.php START
2025-09-09T14:42:41+00:00 tbl_mp_hours.php START
2025-09-09T14:42:41+00:00 tbl_mp_hours.php START
2025-09-09T14:42:41+00:00 tbl_mp_hours.php START
2025-09-09T14:42:41+00:00 tbl_mp_hours.php START
2025-09-09T14:42:41+00:00 tbl_mp_hours.php START
2025-09-09T14:42:41+00:00 tbl_mp_hours.php START
2025-09-09T14:42:41+00:00 tbl_mp_hours.php START
2025-09-09T14:42:41+00:00 tbl_mp_hours.php START
2025-09-09T14:42:41+00:00 tbl_mp_hours.php START
2025-09-09T14:42:41+00:00 tbl_mp_hours.php START
2025-09-09T14:42:41+00:00 tbl_mp_hours.php START
2025-09-09T14:42:41+00:00 tbl_mp_hours.php START
2025-09-09T14:43:11+00:00 tbl_mp_hours.php START
2025-09-09T14:43:11+00:00 tbl_mp_hours.php START
2025-09-09T14:43:11+00:00 tbl_mp_hours.php START
2025-09-09T14:43:11+00:00 tbl_mp_hours.php START
2025-09-09T14:43:11+00:00 tbl_mp_hours.php START
2025-09-09T14:43:11+00:00 tbl_mp_hours.php START
2025-09-09T14:43:11+00:00 tbl_mp_hours.php START
2025-09-09T14:43:11+00:00 tbl_mp_hours.php START
2025-09-09T14:43:11+00:00 tbl_mp_hours.php START
2025-09-09T14:43:11+00:00 tbl_mp_hours.php START
2025-09-09T14:43:11+00:00 tbl_mp_hours.php START
2025-09-09T14:43:11+00:00 tbl_mp_hours.php START
2025-09-09T14:43:11+00:00 tbl_mp_hours.php START
2025-09-09T14:43:11+00:00 tbl_mp_hours.php START
2025-09-09T14:43:11+00:00 tbl_mp_hours.php START
2025-09-09T14:43:11+00:00 tbl_mp_hours.php START
2025-09-09T14:43:11+00:00 tbl_mp_hours.php START
2025-09-09T14:43:11+00:00 tbl_mp_hours.php START
2025-09-09T14:43:11+00:00 tbl_mp_hours.php START
2025-09-09T14:43:11+00:00 tbl_mp_hours.php START
2025-09-09T14:43:51+00:00 tbl_mp_hours.php START
2025-09-09T14:43:51+00:00 tbl_mp_hours.php START
2025-09-09T14:43:51+00:00 tbl_mp_hours.php START
2025-09-09T14:43:51+00:00 tbl_mp_hours.php START
2025-09-09T14:43:51+00:00 tbl_mp_hours.php START
2025-09-09T14:43:51+00:00 tbl_mp_hours.php START
2025-09-09T14:43:51+00:00 tbl_mp_hours.php START
2025-09-09T14:43:51+00:00 tbl_mp_hours.php START
2025-09-09T14:43:51+00:00 tbl_mp_hours.php START
2025-09-09T14:43:51+00:00 tbl_mp_hours.php START
2025-09-09T14:43:51+00:00 tbl_mp_hours.php START
2025-09-09T14:43:51+00:00 tbl_mp_hours.php START
2025-09-09T14:43:51+00:00 tbl_mp_hours.php START
2025-09-09T14:43:51+00:00 tbl_mp_hours.php START
2025-09-09T14:43:51+00:00 tbl_mp_hours.php START
2025-09-09T14:43:51+00:00 tbl_mp_hours.php START
2025-09-09T14:43:51+00:00 tbl_mp_hours.php START
2025-09-09T14:43:51+00:00 tbl_mp_hours.php START
2025-09-09T14:43:51+00:00 tbl_mp_hours.php START
2025-09-09T14:43:51+00:00 tbl_mp_hours.php START
2025-09-09T14:48:04+00:00 tbl_mp_hours.php START
2025-09-09T14:48:04+00:00 tbl_mp_hours.php END
2025-09-09T14:58:31+00:00 tbl_mp_hours.php START
2025-09-09T14:58:31+00:00 tbl_mp_hours.php END
2025-09-09T15:09:46+00:00 tbl_mp_hours.php START
2025-09-09T15:09:46+00:00 tbl_mp_hours.php END
2025-09-09T15:09:51+00:00 tbl_mp_hours.php START
2025-09-09T15:09:51+00:00 tbl_mp_hours.php END
2025-09-09T15:10:12+00:00 tbl_mp_hours.php START
2025-09-09T15:10:12+00:00 tbl_mp_hours.php END
2025-09-09T15:12:44+00:00 tbl_mp_hours.php START
2025-09-09T15:12:44+00:00 tbl_mp_hours.php END
2025-09-09T15:12:47+00:00 tbl_mp_hours.php START
2025-09-09T15:12:47+00:00 tbl_mp_hours.php END
2025-09-09T15:18:14+00:00 tbl_mp_hours.php START
2025-09-09T15:19:05+00:00 tbl_mp_hours.php START
2025-09-09T15:24:32+00:00 tbl_mp_hours.php START
2025-09-09T15:24:55+00:00 tbl_mp_hours.php START
2025-09-09T15:24:57+00:00 tbl_mp_hours.php START
2025-09-09T15:30:16+00:00 tbl_mp_hours.php START
2025-09-09T15:30:49+00:00 tbl_mp_hours.php START
2025-09-09T15:32:22+00:00 tbl_mp_hours.php START
2025-09-09T15:32:22+00:00 tbl_mp_hours.php START
2025-09-09T15:32:22+00:00 tbl_mp_hours.php START
2025-09-09T15:32:22+00:00 tbl_mp_hours.php START
2025-09-09T15:32:23+00:00 tbl_mp_hours.php START
2025-09-09T15:32:23+00:00 tbl_mp_hours.php START
2025-09-09T15:32:23+00:00 tbl_mp_hours.php START
2025-09-09T15:32:23+00:00 tbl_mp_hours.php START
2025-09-09T15:32:23+00:00 tbl_mp_hours.php START
2025-09-09T15:32:23+00:00 tbl_mp_hours.php START
2025-09-09T15:32:23+00:00 tbl_mp_hours.php START
2025-09-09T15:32:23+00:00 tbl_mp_hours.php START
2025-09-09T15:32:23+00:00 tbl_mp_hours.php START
2025-09-09T15:32:23+00:00 tbl_mp_hours.php START
2025-09-09T15:32:23+00:00 tbl_mp_hours.php START
2025-09-09T15:32:23+00:00 tbl_mp_hours.php START
2025-09-09T15:32:23+00:00 tbl_mp_hours.php START
2025-09-09T15:32:23+00:00 tbl_mp_hours.php START
2025-09-09T15:32:23+00:00 tbl_mp_hours.php START
2025-09-09T15:32:23+00:00 tbl_mp_hours.php START
2025-09-09T15:32:23+00:00 tbl_mp_hours.php START
2025-09-09T17:56:25+00:00 tbl_mp_hours.php START
2025-09-09T17:56:25+00:00 tbl_mp_hours.php START
2025-09-09T17:56:25+00:00 tbl_mp_hours.php START
2025-09-09T17:56:25+00:00 tbl_mp_hours.php START
2025-09-09T17:56:25+00:00 tbl_mp_hours.php START
2025-09-09T17:56:25+00:00 tbl_mp_hours.php START
2025-09-09T17:56:25+00:00 tbl_mp_hours.php START
2025-09-09T17:56:25+00:00 tbl_mp_hours.php START
2025-09-09T17:56:25+00:00 tbl_mp_hours.php START
2025-09-09T17:56:25+00:00 tbl_mp_hours.php START
2025-09-09T17:56:25+00:00 tbl_mp_hours.php START
2025-09-09T17:56:25+00:00 tbl_mp_hours.php START
2025-09-09T17:56:25+00:00 tbl_mp_hours.php START
2025-09-09T17:56:25+00:00 tbl_mp_hours.php START
2025-09-09T17:56:26+00:00 tbl_mp_hours.php START
2025-09-09T17:56:26+00:00 tbl_mp_hours.php START
2025-09-09T17:56:26+00:00 tbl_mp_hours.php START
2025-09-09T17:56:26+00:00 tbl_mp_hours.php START
2025-09-09T17:56:26+00:00 tbl_mp_hours.php START
2025-09-09T17:56:26+00:00 tbl_mp_hours.php START
2025-09-09T17:56:26+00:00 tbl_mp_hours.php START
2025-09-09T17:57:31+00:00 tbl_mp_hours.php START
2025-09-09T17:57:31+00:00 tbl_mp_hours.php START
2025-09-09T17:57:31+00:00 tbl_mp_hours.php START
2025-09-09T17:57:31+00:00 tbl_mp_hours.php START
2025-09-09T17:57:31+00:00 tbl_mp_hours.php START
2025-09-09T17:57:31+00:00 tbl_mp_hours.php START
2025-09-09T17:57:31+00:00 tbl_mp_hours.php START
2025-09-09T17:57:31+00:00 tbl_mp_hours.php START
2025-09-09T17:57:31+00:00 tbl_mp_hours.php START
2025-09-09T17:57:31+00:00 tbl_mp_hours.php START
2025-09-09T17:57:31+00:00 tbl_mp_hours.php START
2025-09-09T17:57:31+00:00 tbl_mp_hours.php START
2025-09-09T17:57:31+00:00 tbl_mp_hours.php START
2025-09-09T17:57:31+00:00 tbl_mp_hours.php START
2025-09-09T17:57:31+00:00 tbl_mp_hours.php START
2025-09-09T17:57:31+00:00 tbl_mp_hours.php START
2025-09-09T17:57:31+00:00 tbl_mp_hours.php START
2025-09-09T17:57:31+00:00 tbl_mp_hours.php START
2025-09-09T17:57:31+00:00 tbl_mp_hours.php START
2025-09-09T17:57:31+00:00 tbl_mp_hours.php START
2025-09-09T17:57:31+00:00 tbl_mp_hours.php START
2025-09-09T18:00:09+00:00 tbl_mp_hours.php START
2025-09-09T18:00:09+00:00 tbl_mp_hours.php START
2025-09-09T18:00:09+00:00 tbl_mp_hours.php START
2025-09-09T18:00:09+00:00 tbl_mp_hours.php START
2025-09-09T18:00:09+00:00 tbl_mp_hours.php START
2025-09-09T18:00:09+00:00 tbl_mp_hours.php START
2025-09-09T18:00:09+00:00 tbl_mp_hours.php START
2025-09-09T18:00:09+00:00 tbl_mp_hours.php START
2025-09-09T18:00:09+00:00 tbl_mp_hours.php START
2025-09-09T18:00:09+00:00 tbl_mp_hours.php START
2025-09-09T18:00:09+00:00 tbl_mp_hours.php START
2025-09-09T18:00:09+00:00 tbl_mp_hours.php START
2025-09-09T18:00:09+00:00 tbl_mp_hours.php START
2025-09-09T18:00:09+00:00 tbl_mp_hours.php START
2025-09-09T18:00:09+00:00 tbl_mp_hours.php START
2025-09-09T18:00:09+00:00 tbl_mp_hours.php START
2025-09-09T18:00:09+00:00 tbl_mp_hours.php START
2025-09-09T18:00:09+00:00 tbl_mp_hours.php START
2025-09-09T18:00:09+00:00 tbl_mp_hours.php START
2025-09-09T18:00:09+00:00 tbl_mp_hours.php START
2025-09-09T18:00:09+00:00 tbl_mp_hours.php START
2025-09-09T18:00:23+00:00 tbl_mp_hours.php START
2025-09-09T18:00:23+00:00 tbl_mp_hours.php START
2025-09-09T18:00:23+00:00 tbl_mp_hours.php START
2025-09-09T18:00:23+00:00 tbl_mp_hours.php START
2025-09-09T18:00:23+00:00 tbl_mp_hours.php START
2025-09-09T18:00:23+00:00 tbl_mp_hours.php START
2025-09-09T18:00:23+00:00 tbl_mp_hours.php START
2025-09-09T18:00:23+00:00 tbl_mp_hours.php START
2025-09-09T18:00:23+00:00 tbl_mp_hours.php START
2025-09-09T18:00:23+00:00 tbl_mp_hours.php START
2025-09-09T18:00:23+00:00 tbl_mp_hours.php START
2025-09-09T18:00:23+00:00 tbl_mp_hours.php START
2025-09-09T18:00:23+00:00 tbl_mp_hours.php START
2025-09-09T18:00:23+00:00 tbl_mp_hours.php START
2025-09-09T18:00:23+00:00 tbl_mp_hours.php START
2025-09-09T18:00:23+00:00 tbl_mp_hours.php START
2025-09-09T18:00:23+00:00 tbl_mp_hours.php START
2025-09-09T18:00:23+00:00 tbl_mp_hours.php START
2025-09-09T18:00:24+00:00 tbl_mp_hours.php START
2025-09-09T18:00:24+00:00 tbl_mp_hours.php START
2025-09-09T18:00:24+00:00 tbl_mp_hours.php START
2025-09-09T18:00:25+00:00 tbl_mp_hours.php START
2025-09-09T18:00:25+00:00 tbl_mp_hours.php START
2025-09-09T18:00:25+00:00 tbl_mp_hours.php START
2025-09-09T18:00:25+00:00 tbl_mp_hours.php START
2025-09-09T18:00:25+00:00 tbl_mp_hours.php START
2025-09-09T18:00:25+00:00 tbl_mp_hours.php START
2025-09-09T18:00:25+00:00 tbl_mp_hours.php START
2025-09-09T18:00:25+00:00 tbl_mp_hours.php START
2025-09-09T18:00:25+00:00 tbl_mp_hours.php START
2025-09-09T18:00:25+00:00 tbl_mp_hours.php START
2025-09-09T18:00:25+00:00 tbl_mp_hours.php START
2025-09-09T18:00:25+00:00 tbl_mp_hours.php START
2025-09-09T18:00:25+00:00 tbl_mp_hours.php START
2025-09-09T18:00:25+00:00 tbl_mp_hours.php START
2025-09-09T18:00:25+00:00 tbl_mp_hours.php START
2025-09-09T18:00:25+00:00 tbl_mp_hours.php START
2025-09-09T18:00:25+00:00 tbl_mp_hours.php START
2025-09-09T18:00:25+00:00 tbl_mp_hours.php START
2025-09-09T18:00:25+00:00 tbl_mp_hours.php START
2025-09-09T18:00:25+00:00 tbl_mp_hours.php START
2025-09-09T18:00:25+00:00 tbl_mp_hours.php START
2025-09-09T18:00:27+00:00 tbl_mp_hours.php START
2025-09-09T18:00:27+00:00 tbl_mp_hours.php START
2025-09-09T18:00:27+00:00 tbl_mp_hours.php START
2025-09-09T18:00:27+00:00 tbl_mp_hours.php START
2025-09-09T18:00:27+00:00 tbl_mp_hours.php START
2025-09-09T18:00:27+00:00 tbl_mp_hours.php START
2025-09-09T18:00:27+00:00 tbl_mp_hours.php START
2025-09-09T18:00:27+00:00 tbl_mp_hours.php START
2025-09-09T18:00:27+00:00 tbl_mp_hours.php START
2025-09-09T18:00:27+00:00 tbl_mp_hours.php START
2025-09-09T18:00:27+00:00 tbl_mp_hours.php START
2025-09-09T18:00:27+00:00 tbl_mp_hours.php START
2025-09-09T18:00:27+00:00 tbl_mp_hours.php START
2025-09-09T18:00:27+00:00 tbl_mp_hours.php START
2025-09-09T18:00:27+00:00 tbl_mp_hours.php START
2025-09-09T18:00:27+00:00 tbl_mp_hours.php START
2025-09-09T18:00:27+00:00 tbl_mp_hours.php START
2025-09-09T18:00:27+00:00 tbl_mp_hours.php START
2025-09-09T18:00:27+00:00 tbl_mp_hours.php START
2025-09-09T18:00:27+00:00 tbl_mp_hours.php START
2025-09-09T18:00:27+00:00 tbl_mp_hours.php START
2025-09-09T18:00:29+00:00 tbl_mp_hours.php START
2025-09-09T18:00:29+00:00 tbl_mp_hours.php START
2025-09-09T18:00:29+00:00 tbl_mp_hours.php START
2025-09-09T18:00:29+00:00 tbl_mp_hours.php START
2025-09-09T18:00:29+00:00 tbl_mp_hours.php START
2025-09-09T18:00:29+00:00 tbl_mp_hours.php START
2025-09-09T18:00:29+00:00 tbl_mp_hours.php START
2025-09-09T18:00:29+00:00 tbl_mp_hours.php START
2025-09-09T18:00:29+00:00 tbl_mp_hours.php START
2025-09-09T18:00:29+00:00 tbl_mp_hours.php START
2025-09-09T18:00:29+00:00 tbl_mp_hours.php START
2025-09-09T18:00:29+00:00 tbl_mp_hours.php START
2025-09-09T18:00:29+00:00 tbl_mp_hours.php START
2025-09-09T18:00:29+00:00 tbl_mp_hours.php START
2025-09-09T18:00:29+00:00 tbl_mp_hours.php START
2025-09-09T18:00:29+00:00 tbl_mp_hours.php START
2025-09-09T18:00:29+00:00 tbl_mp_hours.php START
2025-09-09T18:00:29+00:00 tbl_mp_hours.php START
2025-09-09T18:00:29+00:00 tbl_mp_hours.php START
2025-09-09T18:00:29+00:00 tbl_mp_hours.php START
2025-09-09T18:00:29+00:00 tbl_mp_hours.php START
2025-09-09T18:00:31+00:00 tbl_mp_hours.php START
2025-09-09T18:00:32+00:00 tbl_mp_hours.php START
2025-09-09T18:00:32+00:00 tbl_mp_hours.php START
2025-09-09T18:00:32+00:00 tbl_mp_hours.php START
2025-09-09T18:00:32+00:00 tbl_mp_hours.php START
2025-09-09T18:00:32+00:00 tbl_mp_hours.php START
2025-09-09T18:00:32+00:00 tbl_mp_hours.php START
2025-09-09T18:00:32+00:00 tbl_mp_hours.php START
2025-09-09T18:00:32+00:00 tbl_mp_hours.php START
2025-09-09T18:00:32+00:00 tbl_mp_hours.php START
2025-09-09T18:00:32+00:00 tbl_mp_hours.php START
2025-09-09T18:00:32+00:00 tbl_mp_hours.php START
2025-09-09T18:00:32+00:00 tbl_mp_hours.php START
2025-09-09T18:00:32+00:00 tbl_mp_hours.php START
2025-09-09T18:00:32+00:00 tbl_mp_hours.php START
2025-09-09T18:00:32+00:00 tbl_mp_hours.php START
2025-09-09T18:00:32+00:00 tbl_mp_hours.php START
2025-09-09T18:00:32+00:00 tbl_mp_hours.php START
2025-09-09T18:00:32+00:00 tbl_mp_hours.php START
2025-09-09T18:00:32+00:00 tbl_mp_hours.php START
2025-09-09T18:00:32+00:00 tbl_mp_hours.php START
2025-09-09T18:27:19+00:00 tbl_mp_hours.php START
2025-09-09T18:27:19+00:00 tbl_mp_hours.php START
2025-09-09T18:27:19+00:00 tbl_mp_hours.php START
2025-09-09T18:27:19+00:00 tbl_mp_hours.php START
2025-09-09T18:27:19+00:00 tbl_mp_hours.php START
2025-09-09T18:27:19+00:00 tbl_mp_hours.php START
2025-09-09T18:27:19+00:00 tbl_mp_hours.php START
2025-09-09T18:27:19+00:00 tbl_mp_hours.php START
2025-09-09T18:27:19+00:00 tbl_mp_hours.php START
2025-09-09T18:27:19+00:00 tbl_mp_hours.php START
2025-09-09T18:27:19+00:00 tbl_mp_hours.php START
2025-09-09T18:27:19+00:00 tbl_mp_hours.php START
2025-09-09T18:27:19+00:00 tbl_mp_hours.php START
2025-09-09T18:27:19+00:00 tbl_mp_hours.php START
2025-09-09T18:27:19+00:00 tbl_mp_hours.php START
2025-09-09T18:27:19+00:00 tbl_mp_hours.php START
2025-09-09T18:27:19+00:00 tbl_mp_hours.php START
2025-09-09T18:27:19+00:00 tbl_mp_hours.php START
2025-09-09T18:27:19+00:00 tbl_mp_hours.php START
2025-09-09T18:27:19+00:00 tbl_mp_hours.php START
2025-09-09T18:27:19+00:00 tbl_mp_hours.php START
2025-09-09T18:27:21+00:00 tbl_mp_hours.php START
2025-09-09T18:27:21+00:00 tbl_mp_hours.php START
2025-09-09T18:27:21+00:00 tbl_mp_hours.php START
2025-09-09T18:27:21+00:00 tbl_mp_hours.php START
2025-09-09T18:27:21+00:00 tbl_mp_hours.php START
2025-09-09T18:27:21+00:00 tbl_mp_hours.php START
2025-09-09T18:27:21+00:00 tbl_mp_hours.php START
2025-09-09T18:27:21+00:00 tbl_mp_hours.php START
2025-09-09T18:27:21+00:00 tbl_mp_hours.php START
2025-09-09T18:27:21+00:00 tbl_mp_hours.php START
2025-09-09T18:27:21+00:00 tbl_mp_hours.php START
2025-09-09T18:27:21+00:00 tbl_mp_hours.php START
2025-09-09T18:27:21+00:00 tbl_mp_hours.php START
2025-09-09T18:27:21+00:00 tbl_mp_hours.php START
2025-09-09T18:27:21+00:00 tbl_mp_hours.php START
2025-09-09T18:27:21+00:00 tbl_mp_hours.php START
2025-09-09T18:27:21+00:00 tbl_mp_hours.php START
2025-09-09T18:27:21+00:00 tbl_mp_hours.php START
2025-09-09T18:27:21+00:00 tbl_mp_hours.php START
2025-09-09T18:27:21+00:00 tbl_mp_hours.php START
2025-09-09T18:27:21+00:00 tbl_mp_hours.php START
2025-09-09T18:27:22+00:00 tbl_mp_hours.php START
2025-09-09T18:27:22+00:00 tbl_mp_hours.php START
2025-09-09T18:27:22+00:00 tbl_mp_hours.php START
2025-09-09T18:27:22+00:00 tbl_mp_hours.php START
2025-09-09T18:27:22+00:00 tbl_mp_hours.php START
2025-09-09T18:27:22+00:00 tbl_mp_hours.php START
2025-09-09T18:27:22+00:00 tbl_mp_hours.php START
2025-09-09T18:27:22+00:00 tbl_mp_hours.php START
2025-09-09T18:27:22+00:00 tbl_mp_hours.php START
2025-09-09T18:27:22+00:00 tbl_mp_hours.php START
2025-09-09T18:27:22+00:00 tbl_mp_hours.php START
2025-09-09T18:27:22+00:00 tbl_mp_hours.php START
2025-09-09T18:27:22+00:00 tbl_mp_hours.php START
2025-09-09T18:27:22+00:00 tbl_mp_hours.php START
2025-09-09T18:27:22+00:00 tbl_mp_hours.php START
2025-09-09T18:27:22+00:00 tbl_mp_hours.php START
2025-09-09T18:27:22+00:00 tbl_mp_hours.php START
2025-09-09T18:27:22+00:00 tbl_mp_hours.php START
2025-09-09T18:27:22+00:00 tbl_mp_hours.php START
2025-09-09T18:27:22+00:00 tbl_mp_hours.php START
2025-09-09T18:27:22+00:00 tbl_mp_hours.php START
2025-09-09T18:27:23+00:00 tbl_mp_hours.php START
2025-09-09T18:27:23+00:00 tbl_mp_hours.php START
2025-09-09T18:27:23+00:00 tbl_mp_hours.php START
2025-09-09T18:27:23+00:00 tbl_mp_hours.php START
2025-09-09T18:27:23+00:00 tbl_mp_hours.php START
2025-09-09T18:27:23+00:00 tbl_mp_hours.php START
2025-09-09T18:27:23+00:00 tbl_mp_hours.php START
2025-09-09T18:27:23+00:00 tbl_mp_hours.php START
2025-09-09T18:27:23+00:00 tbl_mp_hours.php START
2025-09-09T18:27:23+00:00 tbl_mp_hours.php START
2025-09-09T18:27:23+00:00 tbl_mp_hours.php START
2025-09-09T18:27:23+00:00 tbl_mp_hours.php START
2025-09-09T18:27:23+00:00 tbl_mp_hours.php START
2025-09-09T18:27:23+00:00 tbl_mp_hours.php START
2025-09-09T18:27:23+00:00 tbl_mp_hours.php START
2025-09-09T18:27:23+00:00 tbl_mp_hours.php START
2025-09-09T18:27:23+00:00 tbl_mp_hours.php START
2025-09-09T18:27:23+00:00 tbl_mp_hours.php START
2025-09-09T18:27:23+00:00 tbl_mp_hours.php START
2025-09-09T18:27:23+00:00 tbl_mp_hours.php START
2025-09-09T18:27:23+00:00 tbl_mp_hours.php START
2025-09-09T18:27:40+00:00 tbl_mp_hours.php START
2025-09-09T18:27:40+00:00 tbl_mp_hours.php START
2025-09-09T18:27:40+00:00 tbl_mp_hours.php START
2025-09-09T18:27:40+00:00 tbl_mp_hours.php START
2025-09-09T18:27:40+00:00 tbl_mp_hours.php START
2025-09-09T18:27:40+00:00 tbl_mp_hours.php START
2025-09-09T18:27:40+00:00 tbl_mp_hours.php START
2025-09-09T18:27:40+00:00 tbl_mp_hours.php START
2025-09-09T18:27:40+00:00 tbl_mp_hours.php START
2025-09-09T18:27:40+00:00 tbl_mp_hours.php START
2025-09-09T18:27:40+00:00 tbl_mp_hours.php START
2025-09-09T18:27:40+00:00 tbl_mp_hours.php START
2025-09-09T18:27:40+00:00 tbl_mp_hours.php START
2025-09-09T18:27:40+00:00 tbl_mp_hours.php START
2025-09-09T18:27:40+00:00 tbl_mp_hours.php START
2025-09-09T18:27:40+00:00 tbl_mp_hours.php START
2025-09-09T18:27:40+00:00 tbl_mp_hours.php START
2025-09-09T18:27:40+00:00 tbl_mp_hours.php START
2025-09-09T18:27:40+00:00 tbl_mp_hours.php START
2025-09-09T18:27:40+00:00 tbl_mp_hours.php START
2025-09-09T18:27:40+00:00 tbl_mp_hours.php START
2025-09-14T19:08:23+00:00 tbl_mp_hours.php START
2025-09-14T19:08:47+00:00 tbl_mp_hours.php START
2025-09-14T19:28:34+00:00 tbl_mp_hours.php START
2025-09-14T19:28:34+00:00 tbl_mp_hours.php END
2025-09-14T19:29:17+00:00 tbl_mp_hours.php START
2025-09-14T19:29:17+00:00 tbl_mp_hours.php END
2025-09-14T19:30:35+00:00 tbl_mp_hours.php START
2025-09-14T19:30:53+00:00 tbl_mp_hours.php START
2025-09-14T19:30:53+00:00 tbl_mp_hours.php END
2025-09-14T19:31:13+00:00 tbl_mp_hours.php START
2025-09-14T19:31:13+00:00 tbl_mp_hours.php END
2025-09-14T20:07:04+00:00 tbl_mp_hours.php START
2025-09-14T20:07:04+00:00 tbl_mp_hours.php END
2025-09-14T20:08:18+00:00 tbl_mp_hours.php START
2025-09-14T20:08:18+00:00 tbl_mp_hours.php END
2025-09-14T20:09:50+00:00 tbl_mp_hours.php START
2025-09-14T20:09:50+00:00 tbl_mp_hours.php END
2025-09-14T20:11:29+00:00 tbl_mp_hours.php START
2025-09-14T20:11:29+00:00 tbl_mp_hours.php END
2025-09-14T20:16:52+00:00 tbl_mp_hours.php START
2025-09-14T20:16:52+00:00 tbl_mp_hours.php END
2025-09-14T20:18:15+00:00 tbl_mp_hours.php START
2025-09-14T20:18:15+00:00 tbl_mp_hours.php END
2025-09-14T20:18:22+00:00 tbl_mp_hours.php START
2025-09-14T20:18:22+00:00 tbl_mp_hours.php END
2025-09-14T20:19:06+00:00 tbl_mp_hours.php START
2025-09-14T20:19:06+00:00 tbl_mp_hours.php END
2025-09-14T20:23:54+00:00 tbl_mp_hours.php START
2025-09-14T20:23:54+00:00 tbl_mp_hours.php END
2025-09-14T20:24:11+00:00 tbl_mp_hours.php START
2025-09-14T20:24:11+00:00 tbl_mp_hours.php END
2025-09-14T20:34:15+00:00 tbl_mp_hours.php START
2025-09-14T20:34:15+00:00 tbl_mp_hours.php END
2025-09-18T14:18:00+00:00 tbl_mp_hours.php START
2025-09-18T14:18:00+00:00 tbl_mp_hours.php END
2025-09-20T17:31:11+00:00 tbl_mp_hours.php START
2025-09-20T17:31:11+00:00 tbl_mp_hours.php END
2025-09-20T17:31:35+00:00 tbl_mp_hours.php START
2025-09-20T17:31:35+00:00 tbl_mp_hours.php END
2025-09-20T17:31:54+00:00 tbl_mp_hours.php START
2025-09-20T17:31:54+00:00 tbl_mp_hours.php END
2025-09-20T17:44:00+00:00 tbl_mp_hours.php START
2025-09-20T17:44:00+00:00 tbl_mp_hours.php END
2025-09-20T17:44:24+00:00 tbl_mp_hours.php START
2025-09-20T17:44:24+00:00 tbl_mp_hours.php END
2025-09-20T17:46:42+00:00 tbl_mp_hours.php START
2025-09-20T17:46:42+00:00 tbl_mp_hours.php END
2025-09-20T17:47:23+00:00 tbl_mp_hours.php START
2025-09-20T17:47:23+00:00 tbl_mp_hours.php END
2025-09-20T17:47:59+00:00 tbl_mp_hours.php START
2025-09-20T17:47:59+00:00 tbl_mp_hours.php END
2025-09-20T17:48:35+00:00 tbl_mp_hours.php START
2025-09-20T17:48:35+00:00 tbl_mp_hours.php END
2025-09-20T17:49:06+00:00 tbl_mp_hours.php START
2025-09-20T17:49:06+00:00 tbl_mp_hours.php END
2025-09-20T17:49:08+00:00 tbl_mp_hours.php START
2025-09-20T17:49:08+00:00 tbl_mp_hours.php END
2025-09-20T17:49:11+00:00 tbl_mp_hours.php START
2025-09-20T17:49:11+00:00 tbl_mp_hours.php END
2025-09-20T17:49:31+00:00 tbl_mp_hours.php START
2025-09-20T17:49:31+00:00 tbl_mp_hours.php END
2025-09-20T17:49:45+00:00 tbl_mp_hours.php START
2025-09-20T17:49:45+00:00 tbl_mp_hours.php END
2025-09-20T17:50:57+00:00 tbl_mp_hours.php START
2025-09-20T17:50:57+00:00 tbl_mp_hours.php END
2025-09-20T17:51:19+00:00 tbl_mp_hours.php START
2025-09-20T17:51:19+00:00 tbl_mp_hours.php END
2025-09-20T17:52:18+00:00 tbl_mp_hours.php START
2025-09-20T17:52:18+00:00 tbl_mp_hours.php END
2025-09-20T17:52:58+00:00 tbl_mp_hours.php START
2025-09-20T17:52:58+00:00 tbl_mp_hours.php END
2025-09-20T17:54:44+00:00 tbl_mp_hours.php START
2025-09-20T17:54:44+00:00 tbl_mp_hours.php END
2025-09-20T17:54:57+00:00 tbl_mp_hours.php START
2025-09-20T17:54:57+00:00 tbl_mp_hours.php END
2025-09-20T17:56:24+00:00 tbl_mp_hours.php START
2025-09-20T17:56:24+00:00 tbl_mp_hours.php END
2025-09-21T06:27:16+00:00 tbl_mp_hours.php START
2025-09-21T06:27:16+00:00 tbl_mp_hours.php END
2025-09-21T06:27:43+00:00 tbl_mp_hours.php START
2025-09-21T06:27:43+00:00 tbl_mp_hours.php END
2025-09-21T06:27:47+00:00 tbl_mp_hours.php START
2025-09-21T06:27:47+00:00 tbl_mp_hours.php END
2025-09-21T06:29:12+00:00 tbl_mp_hours.php START
2025-09-21T06:29:12+00:00 tbl_mp_hours.php END
2025-09-21T06:29:46+00:00 tbl_mp_hours.php START
2025-09-21T06:29:46+00:00 tbl_mp_hours.php END
2025-09-21T06:29:59+00:00 tbl_mp_hours.php START
2025-09-21T06:29:59+00:00 tbl_mp_hours.php END
2025-09-21T06:30:00+00:00 tbl_mp_hours.php START
2025-09-21T06:30:00+00:00 tbl_mp_hours.php END
2025-09-21T07:31:58+00:00 tbl_mp_hours.php START
2025-09-21T07:31:58+00:00 tbl_mp_hours.php END
2025-09-22T12:17:13+00:00 tbl_mp_hours.php START
2025-09-22T12:17:13+00:00 tbl_mp_hours.php END
2025-09-27T17:52:43+00:00 tbl_mp_hours.php START
2025-09-27T17:54:15+00:00 tbl_mp_hours.php START
2025-09-27T17:55:43+00:00 tbl_mp_hours.php START
2025-09-27T17:57:37+00:00 tbl_mp_hours.php START
2025-09-27T18:00:37+00:00 tbl_mp_hours.php START
2025-09-27T18:07:27+00:00 tbl_mp_hours.php START
2025-09-27T18:07:27+00:00 tbl_mp_hours.php END
2025-09-27T18:10:02+00:00 tbl_mp_hours.php START
2025-09-27T18:10:02+00:00 tbl_mp_hours.php END
2025-09-27T18:10:08+00:00 tbl_mp_hours.php START
2025-09-27T18:10:08+00:00 tbl_mp_hours.php END
2025-09-27T18:13:41+00:00 tbl_mp_hours.php START
2025-09-27T18:13:41+00:00 tbl_mp_hours.php END
2025-09-27T18:14:53+00:00 tbl_mp_hours.php START
2025-09-27T18:14:53+00:00 tbl_mp_hours.php END
2025-09-27T18:35:33+00:00 tbl_mp_hours.php START
2025-09-27T18:35:33+00:00 tbl_mp_hours.php END
2025-09-27T18:35:39+00:00 tbl_mp_hours.php START
2025-09-27T18:35:39+00:00 tbl_mp_hours.php END
2025-09-27T18:39:17+00:00 tbl_mp_hours.php START
2025-09-27T18:39:17+00:00 tbl_mp_hours.php END
2025-09-27T18:52:21+00:00 tbl_mp_hours.php START
2025-09-27T18:52:21+00:00 tbl_mp_hours.php END
2025-09-27T18:55:28+00:00 tbl_mp_hours.php START
2025-09-27T18:55:28+00:00 tbl_mp_hours.php END
2025-09-27T18:56:20+00:00 tbl_mp_hours.php START
2025-09-27T18:56:20+00:00 tbl_mp_hours.php END
2025-09-27T18:59:56+00:00 tbl_mp_hours.php START
2025-09-27T18:59:56+00:00 tbl_mp_hours.php END
2025-09-27T19:09:50+00:00 tbl_mp_hours.php START
2025-09-27T19:09:51+00:00 tbl_mp_hours.php END
2025-09-27T19:10:10+00:00 tbl_mp_hours.php START
2025-09-27T19:10:10+00:00 tbl_mp_hours.php END
2025-09-27T19:10:13+00:00 tbl_mp_hours.php START
2025-09-27T19:10:13+00:00 tbl_mp_hours.php END
2025-09-27T19:17:14+00:00 tbl_mp_hours.php START
2025-09-27T19:17:14+00:00 tbl_mp_hours.php END
2025-09-27T19:28:34+00:00 tbl_mp_hours.php START
2025-09-27T19:28:34+00:00 tbl_mp_hours.php END
2025-09-27T19:29:39+00:00 tbl_mp_hours.php START
2025-09-27T19:29:39+00:00 tbl_mp_hours.php END
2025-09-28T06:40:44+00:00 tbl_mp_hours.php START
2025-09-28T06:40:44+00:00 tbl_mp_hours.php END
2025-09-28T06:41:38+00:00 tbl_mp_hours.php START
2025-09-28T06:41:38+00:00 tbl_mp_hours.php END
2025-09-28T06:42:11+00:00 tbl_mp_hours.php START
2025-09-28T06:42:11+00:00 tbl_mp_hours.php END
2025-09-28T06:42:35+00:00 tbl_mp_hours.php START
2025-09-28T06:42:35+00:00 tbl_mp_hours.php END
2025-09-28T06:42:57+00:00 tbl_mp_hours.php START
2025-09-28T06:42:57+00:00 tbl_mp_hours.php END
2025-09-28T06:43:58+00:00 tbl_mp_hours.php START
2025-09-28T06:43:58+00:00 tbl_mp_hours.php END
2025-09-28T06:46:07+00:00 tbl_mp_hours.php START
2025-09-28T06:46:07+00:00 tbl_mp_hours.php END
2025-09-28T06:46:23+00:00 tbl_mp_hours.php START
2025-09-28T06:46:23+00:00 tbl_mp_hours.php END
2025-09-28T06:46:39+00:00 tbl_mp_hours.php START
2025-09-28T06:46:39+00:00 tbl_mp_hours.php END
2025-09-28T06:47:17+00:00 tbl_mp_hours.php START
2025-09-28T06:47:17+00:00 tbl_mp_hours.php END
2025-09-28T06:47:50+00:00 tbl_mp_hours.php START
2025-09-28T06:47:50+00:00 tbl_mp_hours.php END
2025-09-28T06:48:02+00:00 tbl_mp_hours.php START
2025-09-28T06:48:02+00:00 tbl_mp_hours.php END
2025-09-28T07:11:08+00:00 tbl_mp_hours.php START
2025-09-28T07:11:08+00:00 tbl_mp_hours.php END
2025-09-28T07:11:33+00:00 tbl_mp_hours.php START
2025-09-28T07:11:33+00:00 tbl_mp_hours.php END
2025-09-28T07:11:42+00:00 tbl_mp_hours.php START
2025-09-28T07:11:42+00:00 tbl_mp_hours.php END
2025-09-28T07:16:54+00:00 tbl_mp_hours.php START
2025-09-28T07:16:54+00:00 tbl_mp_hours.php END
2025-09-28T07:17:08+00:00 tbl_mp_hours.php START
2025-09-28T07:17:08+00:00 tbl_mp_hours.php END
2025-09-28T07:17:12+00:00 tbl_mp_hours.php START
2025-09-28T07:17:12+00:00 tbl_mp_hours.php END
2025-09-28T07:17:14+00:00 tbl_mp_hours.php START
2025-09-28T07:17:14+00:00 tbl_mp_hours.php END
2025-09-28T07:17:28+00:00 tbl_mp_hours.php START
2025-09-28T07:17:28+00:00 tbl_mp_hours.php END
2025-09-28T07:17:48+00:00 tbl_mp_hours.php START
2025-09-28T07:17:48+00:00 tbl_mp_hours.php END
2025-09-28T07:18:17+00:00 tbl_mp_hours.php START
2025-09-28T07:18:17+00:00 tbl_mp_hours.php END
2025-09-28T07:20:29+00:00 tbl_mp_hours.php START
2025-09-28T07:20:29+00:00 tbl_mp_hours.php END
2025-09-28T07:20:46+00:00 tbl_mp_hours.php START
2025-09-28T07:20:46+00:00 tbl_mp_hours.php END
2025-09-28T07:20:56+00:00 tbl_mp_hours.php START
2025-09-28T07:20:56+00:00 tbl_mp_hours.php END
2025-09-28T07:40:32+00:00 tbl_mp_hours.php START
2025-09-28T07:40:32+00:00 tbl_mp_hours.php END
2025-09-28T07:40:58+00:00 tbl_mp_hours.php START
2025-09-28T07:40:58+00:00 tbl_mp_hours.php END
2025-09-28T07:41:47+00:00 tbl_mp_hours.php START
2025-09-28T07:41:47+00:00 tbl_mp_hours.php END
2025-09-28T07:42:17+00:00 tbl_mp_hours.php START
2025-09-28T07:42:17+00:00 tbl_mp_hours.php END
2025-09-28T07:42:46+00:00 tbl_mp_hours.php START
2025-09-28T07:42:46+00:00 tbl_mp_hours.php END
2025-09-28T07:45:27+00:00 tbl_mp_hours.php START
2025-09-28T07:45:27+00:00 tbl_mp_hours.php END
2025-09-28T07:45:47+00:00 tbl_mp_hours.php START
2025-09-28T07:45:47+00:00 tbl_mp_hours.php END
2025-09-28T07:52:42+00:00 tbl_mp_hours.php START
2025-09-28T07:52:42+00:00 tbl_mp_hours.php END
2025-09-28T08:01:30+00:00 tbl_mp_hours.php START
2025-09-28T08:01:30+00:00 tbl_mp_hours.php END
2025-09-28T08:02:43+00:00 tbl_mp_hours.php START
2025-09-28T08:02:43+00:00 tbl_mp_hours.php END
2025-09-28T08:03:27+00:00 tbl_mp_hours.php START
2025-09-28T08:03:27+00:00 tbl_mp_hours.php END
2025-09-28T08:03:45+00:00 tbl_mp_hours.php START
2025-09-28T08:03:45+00:00 tbl_mp_hours.php END
2025-09-28T08:04:21+00:00 tbl_mp_hours.php START
2025-09-28T08:04:21+00:00 tbl_mp_hours.php END
2025-09-28T08:04:35+00:00 tbl_mp_hours.php START
2025-09-28T08:04:35+00:00 tbl_mp_hours.php END
2025-09-28T08:05:13+00:00 tbl_mp_hours.php START
2025-09-28T08:05:13+00:00 tbl_mp_hours.php END
2025-09-28T08:06:04+00:00 tbl_mp_hours.php START
2025-09-28T08:06:04+00:00 tbl_mp_hours.php END
2025-09-28T08:30:14+00:00 tbl_mp_hours.php START
2025-09-28T08:30:14+00:00 tbl_mp_hours.php END
2025-09-28T08:36:08+00:00 tbl_mp_hours.php START
2025-09-28T08:36:08+00:00 tbl_mp_hours.php END
2025-09-28T08:42:36+00:00 tbl_mp_hours.php START
2025-09-28T08:42:36+00:00 tbl_mp_hours.php END
2025-09-28T08:43:05+00:00 tbl_mp_hours.php START
2025-09-28T08:43:05+00:00 tbl_mp_hours.php END
2025-09-28T08:43:28+00:00 tbl_mp_hours.php START
2025-09-28T08:43:28+00:00 tbl_mp_hours.php END
2025-09-28T08:50:44+00:00 tbl_mp_hours.php START
2025-09-28T08:50:44+00:00 tbl_mp_hours.php END
2025-09-28T08:50:56+00:00 tbl_mp_hours.php START
2025-09-28T08:50:56+00:00 tbl_mp_hours.php END
2025-09-28T08:52:36+00:00 tbl_mp_hours.php START
2025-09-28T08:52:36+00:00 tbl_mp_hours.php END
2025-09-28T08:52:38+00:00 tbl_mp_hours.php START
2025-09-28T08:52:38+00:00 tbl_mp_hours.php END
2025-09-28T08:53:16+00:00 tbl_mp_hours.php START
2025-09-28T08:53:16+00:00 tbl_mp_hours.php END
2025-09-28T08:53:55+00:00 tbl_mp_hours.php START
2025-09-28T08:53:55+00:00 tbl_mp_hours.php END
2025-09-28T08:54:13+00:00 tbl_mp_hours.php START
2025-09-28T08:54:13+00:00 tbl_mp_hours.php END
2025-09-28T08:55:40+00:00 tbl_mp_hours.php START
2025-09-28T08:55:40+00:00 tbl_mp_hours.php END
2025-09-28T10:40:24+00:00 tbl_mp_hours.php START
2025-09-28T10:40:24+00:00 tbl_mp_hours.php END
2025-09-28T10:41:17+00:00 tbl_mp_hours.php START
2025-09-28T10:41:17+00:00 tbl_mp_hours.php END
2025-09-28T10:41:48+00:00 tbl_mp_hours.php START
2025-09-28T10:41:48+00:00 tbl_mp_hours.php END
2025-09-28T10:42:09+00:00 tbl_mp_hours.php START
2025-09-28T10:42:09+00:00 tbl_mp_hours.php END
2025-09-28T10:43:08+00:00 tbl_mp_hours.php START
2025-09-28T10:43:08+00:00 tbl_mp_hours.php END
2025-09-28T10:43:25+00:00 tbl_mp_hours.php START
2025-09-28T10:43:25+00:00 tbl_mp_hours.php END
2025-09-28T10:44:15+00:00 tbl_mp_hours.php START
2025-09-28T10:44:15+00:00 tbl_mp_hours.php END
2025-09-28T10:44:42+00:00 tbl_mp_hours.php START
2025-09-28T10:44:42+00:00 tbl_mp_hours.php END
2025-09-28T10:44:57+00:00 tbl_mp_hours.php START
2025-09-28T10:44:57+00:00 tbl_mp_hours.php END
2025-09-28T10:45:13+00:00 tbl_mp_hours.php START
2025-09-28T10:45:13+00:00 tbl_mp_hours.php END
2025-09-28T10:45:28+00:00 tbl_mp_hours.php START
2025-09-28T10:45:28+00:00 tbl_mp_hours.php END
2025-09-28T10:46:09+00:00 tbl_mp_hours.php START
2025-09-28T10:46:09+00:00 tbl_mp_hours.php END
2025-09-28T10:46:39+00:00 tbl_mp_hours.php START
2025-09-28T10:46:39+00:00 tbl_mp_hours.php END
2025-09-28T10:47:27+00:00 tbl_mp_hours.php START
2025-09-28T10:47:27+00:00 tbl_mp_hours.php END
2025-09-28T10:47:53+00:00 tbl_mp_hours.php START
2025-09-28T10:47:53+00:00 tbl_mp_hours.php END
2025-09-28T10:48:04+00:00 tbl_mp_hours.php START
2025-09-28T10:48:04+00:00 tbl_mp_hours.php END
2025-09-28T10:48:16+00:00 tbl_mp_hours.php START
2025-09-28T10:48:16+00:00 tbl_mp_hours.php END
2025-09-28T10:48:29+00:00 tbl_mp_hours.php START
2025-09-28T10:48:29+00:00 tbl_mp_hours.php END
2025-09-28T10:48:46+00:00 tbl_mp_hours.php START
2025-09-28T10:48:46+00:00 tbl_mp_hours.php END
2025-09-28T10:56:05+00:00 tbl_mp_hours.php START
2025-09-28T10:56:05+00:00 tbl_mp_hours.php END
2025-09-28T10:57:33+00:00 tbl_mp_hours.php START
2025-09-28T10:57:33+00:00 tbl_mp_hours.php END
2025-09-28T10:58:34+00:00 tbl_mp_hours.php START
2025-09-28T10:58:34+00:00 tbl_mp_hours.php END
2025-09-28T10:58:46+00:00 tbl_mp_hours.php START
2025-09-28T10:58:47+00:00 tbl_mp_hours.php END
2025-09-28T11:00:38+00:00 tbl_mp_hours.php START
2025-09-28T11:00:38+00:00 tbl_mp_hours.php END
2025-09-28T11:01:27+00:00 tbl_mp_hours.php START
2025-09-28T11:01:27+00:00 tbl_mp_hours.php END
2025-09-28T11:02:10+00:00 tbl_mp_hours.php START
2025-09-28T11:02:10+00:00 tbl_mp_hours.php END
2025-09-28T11:03:35+00:00 tbl_mp_hours.php START
2025-09-28T11:03:35+00:00 tbl_mp_hours.php END
2025-09-28T11:05:23+00:00 tbl_mp_hours.php START
2025-09-28T11:05:23+00:00 tbl_mp_hours.php END
2025-09-28T11:06:26+00:00 tbl_mp_hours.php START
2025-09-28T11:06:26+00:00 tbl_mp_hours.php END
2025-09-28T11:07:02+00:00 tbl_mp_hours.php START
2025-09-28T11:07:02+00:00 tbl_mp_hours.php END
2025-09-28T11:07:19+00:00 tbl_mp_hours.php START
2025-09-28T11:07:19+00:00 tbl_mp_hours.php END
2025-09-28T11:08:11+00:00 tbl_mp_hours.php START
2025-09-28T11:08:11+00:00 tbl_mp_hours.php END
2025-09-28T11:08:40+00:00 tbl_mp_hours.php START
2025-09-28T11:08:40+00:00 tbl_mp_hours.php END
2025-09-28T11:09:55+00:00 tbl_mp_hours.php START
2025-09-28T11:09:55+00:00 tbl_mp_hours.php END
2025-09-28T11:12:35+00:00 tbl_mp_hours.php START
2025-09-28T11:12:35+00:00 tbl_mp_hours.php END
2025-09-28T11:12:51+00:00 tbl_mp_hours.php START
2025-09-28T11:12:51+00:00 tbl_mp_hours.php END
2025-09-28T11:15:04+00:00 tbl_mp_hours.php START
2025-09-28T11:15:04+00:00 tbl_mp_hours.php END
2025-09-28T11:15:46+00:00 tbl_mp_hours.php START
2025-09-28T11:15:46+00:00 tbl_mp_hours.php END
2025-09-28T11:16:30+00:00 tbl_mp_hours.php START
2025-09-28T11:16:30+00:00 tbl_mp_hours.php END
2025-09-28T11:16:56+00:00 tbl_mp_hours.php START
2025-09-28T11:16:56+00:00 tbl_mp_hours.php END
2025-09-28T11:17:24+00:00 tbl_mp_hours.php START
2025-09-28T11:17:24+00:00 tbl_mp_hours.php END
2025-09-28T11:23:06+00:00 tbl_mp_hours.php START
2025-09-28T11:23:06+00:00 tbl_mp_hours.php END
2025-09-28T11:27:30+00:00 tbl_mp_hours.php START
2025-09-28T11:27:30+00:00 tbl_mp_hours.php END
2025-09-28T11:29:30+00:00 tbl_mp_hours.php START
2025-09-28T11:29:30+00:00 tbl_mp_hours.php END
2025-09-28T11:46:40+00:00 tbl_mp_hours.php START
2025-09-28T11:46:40+00:00 tbl_mp_hours.php END
2025-09-28T11:48:07+00:00 tbl_mp_hours.php START
2025-09-28T11:48:07+00:00 tbl_mp_hours.php END
2025-09-28T11:48:13+00:00 tbl_mp_hours.php START
2025-09-28T11:48:13+00:00 tbl_mp_hours.php END
2025-09-28T11:48:58+00:00 tbl_mp_hours.php START
2025-09-28T11:48:58+00:00 tbl_mp_hours.php END
2025-09-28T11:52:05+00:00 tbl_mp_hours.php START
2025-09-28T11:52:05+00:00 tbl_mp_hours.php END
2025-09-28T12:02:14+00:00 tbl_mp_hours.php START
2025-09-28T12:02:14+00:00 tbl_mp_hours.php END
2025-09-28T12:06:43+00:00 tbl_mp_hours.php START
2025-09-28T12:06:43+00:00 tbl_mp_hours.php END
2025-09-28T12:10:25+00:00 tbl_mp_hours.php START
2025-09-28T12:10:25+00:00 tbl_mp_hours.php END
2025-09-28T12:11:12+00:00 tbl_mp_hours.php START
2025-09-28T12:11:12+00:00 tbl_mp_hours.php END
2025-09-28T12:11:58+00:00 tbl_mp_hours.php START
2025-09-28T12:11:58+00:00 tbl_mp_hours.php END
2025-09-28T12:12:20+00:00 tbl_mp_hours.php START
2025-09-28T12:12:20+00:00 tbl_mp_hours.php END
2025-09-28T12:14:20+00:00 tbl_mp_hours.php START
2025-09-28T12:14:20+00:00 tbl_mp_hours.php END
2025-09-28T19:24:33+00:00 tbl_mp_hours.php START
2025-09-28T19:29:57+00:00 tbl_mp_hours.php START
2025-09-28T19:30:04+00:00 tbl_mp_hours.php START
2025-09-28T19:30:45+00:00 tbl_mp_hours.php START
2025-09-28T19:31:01+00:00 tbl_mp_hours.php START
2025-09-28T19:32:34+00:00 tbl_mp_hours.php START
2025-09-28T19:32:34+00:00 tbl_mp_hours.php END
2025-09-28T19:36:03+00:00 tbl_mp_hours.php START
2025-09-28T19:36:03+00:00 tbl_mp_hours.php END
2025-09-28T20:37:56+00:00 tbl_mp_hours.php START
2025-09-28T20:37:56+00:00 tbl_mp_hours.php END
2025-09-28T20:38:42+00:00 tbl_mp_hours.php START
2025-09-28T20:38:42+00:00 tbl_mp_hours.php END
2025-09-29T07:07:41+00:00 tbl_mp_hours.php START
2025-09-29T07:07:41+00:00 tbl_mp_hours.php END
2025-09-29T07:09:22+00:00 tbl_mp_hours.php START
2025-09-29T07:09:22+00:00 tbl_mp_hours.php END
2025-09-29T07:12:42+00:00 tbl_mp_hours.php START
2025-09-29T07:12:42+00:00 tbl_mp_hours.php END
2025-09-29T07:19:19+00:00 tbl_mp_hours.php START
2025-09-29T07:19:19+00:00 tbl_mp_hours.php END
2025-09-29T07:20:22+00:00 tbl_mp_hours.php START
2025-09-29T07:20:22+00:00 tbl_mp_hours.php END
2025-09-29T07:20:29+00:00 tbl_mp_hours.php START
2025-09-29T07:20:29+00:00 tbl_mp_hours.php END
2025-09-29T07:20:33+00:00 tbl_mp_hours.php START
2025-09-29T07:20:33+00:00 tbl_mp_hours.php END
2025-09-29T07:24:07+00:00 tbl_mp_hours.php START
2025-09-29T07:24:07+00:00 tbl_mp_hours.php END
2025-09-29T07:26:32+00:00 tbl_mp_hours.php START
2025-09-29T07:26:32+00:00 tbl_mp_hours.php END
2025-09-29T07:26:37+00:00 tbl_mp_hours.php START
2025-09-29T07:26:37+00:00 tbl_mp_hours.php END
2025-09-29T07:27:29+00:00 tbl_mp_hours.php START
2025-09-29T07:27:29+00:00 tbl_mp_hours.php END
2025-09-29T07:29:27+00:00 tbl_mp_hours.php START
2025-09-29T07:29:27+00:00 tbl_mp_hours.php END
2025-09-29T07:29:31+00:00 tbl_mp_hours.php START
2025-09-29T07:29:31+00:00 tbl_mp_hours.php END
2025-09-29T07:30:09+00:00 tbl_mp_hours.php START
2025-09-29T07:30:09+00:00 tbl_mp_hours.php END
2025-09-29T07:30:12+00:00 tbl_mp_hours.php START
2025-09-29T07:30:12+00:00 tbl_mp_hours.php END
2025-09-29T07:33:01+00:00 tbl_mp_hours.php START
2025-09-29T07:33:01+00:00 tbl_mp_hours.php END
2025-09-29T07:33:26+00:00 tbl_mp_hours.php START
2025-09-29T07:33:26+00:00 tbl_mp_hours.php END
2025-09-29T07:33:31+00:00 tbl_mp_hours.php START
2025-09-29T07:33:31+00:00 tbl_mp_hours.php END
2025-09-29T07:38:55+00:00 tbl_mp_hours.php START
2025-09-29T07:38:55+00:00 tbl_mp_hours.php END
2025-09-29T07:41:21+00:00 tbl_mp_hours.php START
2025-09-29T07:41:21+00:00 tbl_mp_hours.php END
2025-09-29T07:45:17+00:00 tbl_mp_hours.php START
2025-09-29T07:45:17+00:00 tbl_mp_hours.php END
2025-09-29T07:46:33+00:00 tbl_mp_hours.php START
2025-09-29T07:46:33+00:00 tbl_mp_hours.php END
2025-09-29T07:47:00+00:00 tbl_mp_hours.php START
2025-09-29T07:47:00+00:00 tbl_mp_hours.php END
2025-09-29T07:49:01+00:00 tbl_mp_hours.php START
2025-09-29T07:49:01+00:00 tbl_mp_hours.php END
2025-09-29T07:51:31+00:00 tbl_mp_hours.php START
2025-09-29T07:51:31+00:00 tbl_mp_hours.php END
2025-09-29T07:51:41+00:00 tbl_mp_hours.php START
2025-09-29T07:51:41+00:00 tbl_mp_hours.php END
2025-09-29T07:52:19+00:00 tbl_mp_hours.php START
2025-09-29T07:52:19+00:00 tbl_mp_hours.php END
2025-09-29T07:52:52+00:00 tbl_mp_hours.php START
2025-09-29T07:52:52+00:00 tbl_mp_hours.php END
2025-09-29T07:53:53+00:00 tbl_mp_hours.php START
2025-09-29T07:53:53+00:00 tbl_mp_hours.php END
2025-09-29T08:15:16+00:00 tbl_mp_hours.php START
2025-09-29T08:15:16+00:00 tbl_mp_hours.php END
2025-09-29T08:15:26+00:00 tbl_mp_hours.php START
2025-09-29T08:15:26+00:00 tbl_mp_hours.php END
2025-09-29T08:20:44+00:00 tbl_mp_hours.php START
2025-09-29T08:20:44+00:00 tbl_mp_hours.php END
2025-09-29T08:30:13+00:00 tbl_mp_hours.php START
2025-09-29T08:30:13+00:00 tbl_mp_hours.php END
2025-09-29T10:17:04+00:00 tbl_mp_hours.php START
2025-09-29T10:17:04+00:00 tbl_mp_hours.php END
2025-09-29T10:17:04+00:00 tbl_mp_hours.php START
2025-09-29T10:17:04+00:00 tbl_mp_hours.php END
2025-09-29T10:28:26+00:00 tbl_mp_hours.php START
2025-09-29T10:28:26+00:00 tbl_mp_hours.php END
2025-09-29T10:28:59+00:00 tbl_mp_hours.php START
2025-09-29T10:28:59+00:00 tbl_mp_hours.php END
2025-09-29T10:40:17+00:00 tbl_mp_hours.php START
2025-09-29T10:40:17+00:00 tbl_mp_hours.php END
2025-09-29T10:41:17+00:00 tbl_mp_hours.php START
2025-09-29T10:41:17+00:00 tbl_mp_hours.php END
2025-09-29T11:53:48+00:00 tbl_mp_hours.php START
2025-09-29T11:53:48+00:00 tbl_mp_hours.php END
2025-09-29T11:53:59+00:00 tbl_mp_hours.php START
2025-09-29T11:53:59+00:00 tbl_mp_hours.php END
2025-09-29T12:16:38+00:00 tbl_mp_hours.php START
2025-09-29T12:16:38+00:00 tbl_mp_hours.php END
2025-09-29T12:18:17+00:00 tbl_mp_hours.php START
2025-09-29T12:18:17+00:00 tbl_mp_hours.php END
2025-09-29T12:37:22+00:00 tbl_mp_hours.php START
2025-09-29T12:37:22+00:00 tbl_mp_hours.php END
2025-09-29T12:37:23+00:00 tbl_mp_hours.php START
2025-09-29T12:37:23+00:00 tbl_mp_hours.php END
2025-09-29T12:43:27+00:00 tbl_mp_hours.php START
2025-09-29T12:43:27+00:00 tbl_mp_hours.php END
2025-09-29T12:47:13+00:00 tbl_mp_hours.php START
2025-09-29T12:47:13+00:00 tbl_mp_hours.php END
2025-09-29T12:47:54+00:00 tbl_mp_hours.php START
2025-09-29T12:47:54+00:00 tbl_mp_hours.php END
2025-09-29T12:58:58+00:00 tbl_mp_hours.php START
2025-09-29T12:58:58+00:00 tbl_mp_hours.php END
2025-09-29T12:59:20+00:00 tbl_mp_hours.php START
2025-09-29T12:59:20+00:00 tbl_mp_hours.php END
2025-09-29T12:59:23+00:00 tbl_mp_hours.php START
2025-09-29T12:59:23+00:00 tbl_mp_hours.php END
2025-09-29T12:59:25+00:00 tbl_mp_hours.php START
2025-09-29T12:59:25+00:00 tbl_mp_hours.php END
2025-09-29T12:59:28+00:00 tbl_mp_hours.php START
2025-09-29T12:59:28+00:00 tbl_mp_hours.php END
2025-09-29T12:59:42+00:00 tbl_mp_hours.php START
2025-09-29T12:59:42+00:00 tbl_mp_hours.php END
2025-09-29T13:07:41+00:00 tbl_mp_hours.php START
2025-09-29T13:07:41+00:00 tbl_mp_hours.php END
2025-09-29T13:11:28+00:00 tbl_mp_hours.php START
2025-09-29T13:11:28+00:00 tbl_mp_hours.php END
2025-09-29T13:14:40+00:00 tbl_mp_hours.php START
2025-09-29T13:14:40+00:00 tbl_mp_hours.php END
2025-09-29T13:15:45+00:00 tbl_mp_hours.php START
2025-09-29T13:15:45+00:00 tbl_mp_hours.php END
2025-09-29T13:16:13+00:00 tbl_mp_hours.php START
2025-09-29T13:16:13+00:00 tbl_mp_hours.php END
2025-09-29T13:17:06+00:00 tbl_mp_hours.php START
2025-09-29T13:17:06+00:00 tbl_mp_hours.php END
2025-09-29T14:29:57+00:00 tbl_mp_hours.php START
2025-09-29T14:29:57+00:00 tbl_mp_hours.php END
2025-09-29T14:32:36+00:00 tbl_mp_hours.php START
2025-09-29T14:32:36+00:00 tbl_mp_hours.php END
2025-09-30T12:41:14+00:00 tbl_mp_hours.php START
2025-09-30T12:41:14+00:00 tbl_mp_hours.php END
2025-10-19T06:21:45+00:00 tbl_mp_hours.php START
2025-10-19T06:26:04+00:00 tbl_mp_hours.php START
2025-10-19T06:39:44+00:00 tbl_mp_hours.php START
2025-10-19T06:39:47+00:00 tbl_mp_hours.php START
2025-10-19T07:37:21+00:00 tbl_mp_hours.php START
2025-10-19T07:40:00+00:00 tbl_mp_hours.php START
2025-10-19T07:40:03+00:00 tbl_mp_hours.php START
2025-10-19T07:40:21+00:00 tbl_mp_hours.php START
2025-10-19T07:41:01+00:00 tbl_mp_hours.php START
2025-10-19T07:41:07+00:00 tbl_mp_hours.php START
2025-10-19T07:41:44+00:00 tbl_mp_hours.php START
2025-10-19T07:43:38+00:00 tbl_mp_hours.php START
2025-10-19T07:43:41+00:00 tbl_mp_hours.php START
2025-10-19T07:43:54+00:00 tbl_mp_hours.php START
2025-10-19T07:44:19+00:00 tbl_mp_hours.php START
2025-10-19T07:44:30+00:00 tbl_mp_hours.php START
2025-10-19T07:44:52+00:00 tbl_mp_hours.php START
2025-10-19T07:44:56+00:00 tbl_mp_hours.php START
2025-10-19T07:44:57+00:00 tbl_mp_hours.php START
2025-10-19T07:45:17+00:00 tbl_mp_hours.php START
2025-10-19T07:45:29+00:00 tbl_mp_hours.php START
2025-10-19T07:45:48+00:00 tbl_mp_hours.php START
2025-10-19T07:46:00+00:00 tbl_mp_hours.php START
2025-10-19T09:03:54+00:00 tbl_mp_hours.php START
2025-10-19T09:04:09+00:00 tbl_mp_hours.php START
2025-10-19T09:04:14+00:00 tbl_mp_hours.php START
2025-10-19T09:04:34+00:00 tbl_mp_hours.php START
2025-10-19T09:04:46+00:00 tbl_mp_hours.php START
2025-10-19T09:05:10+00:00 tbl_mp_hours.php START
2025-10-19T09:05:21+00:00 tbl_mp_hours.php START
2025-10-19T09:05:34+00:00 tbl_mp_hours.php START
2025-10-19T09:05:37+00:00 tbl_mp_hours.php START
2025-10-19T09:05:47+00:00 tbl_mp_hours.php START
2025-10-19T09:06:05+00:00 tbl_mp_hours.php START
2025-10-19T09:06:22+00:00 tbl_mp_hours.php START
2025-10-19T09:06:34+00:00 tbl_mp_hours.php START
2025-10-19T09:06:49+00:00 tbl_mp_hours.php START
2025-10-19T09:07:08+00:00 tbl_mp_hours.php START
2025-10-19T09:07:15+00:00 tbl_mp_hours.php START
2025-10-19T09:07:29+00:00 tbl_mp_hours.php START
2025-10-19T09:07:44+00:00 tbl_mp_hours.php START
2025-10-19T09:07:49+00:00 tbl_mp_hours.php START
2025-10-19T09:07:57+00:00 tbl_mp_hours.php START
2025-10-19T09:08:06+00:00 tbl_mp_hours.php START
2025-10-19T09:08:09+00:00 tbl_mp_hours.php START
2025-10-19T09:08:18+00:00 tbl_mp_hours.php START
2025-10-19T09:08:22+00:00 tbl_mp_hours.php START
2025-10-19T09:08:32+00:00 tbl_mp_hours.php START
2025-10-19T09:08:56+00:00 tbl_mp_hours.php START
2025-10-19T09:09:04+00:00 tbl_mp_hours.php START
2025-10-19T09:09:12+00:00 tbl_mp_hours.php START
2025-10-19T09:09:19+00:00 tbl_mp_hours.php START
2025-10-19T09:09:26+00:00 tbl_mp_hours.php START
2025-10-19T09:09:35+00:00 tbl_mp_hours.php START
2025-10-19T09:09:43+00:00 tbl_mp_hours.php START
2025-10-19T09:09:49+00:00 tbl_mp_hours.php START
2025-10-19T09:09:56+00:00 tbl_mp_hours.php START
2025-10-19T09:10:04+00:00 tbl_mp_hours.php START
2025-10-19T09:10:13+00:00 tbl_mp_hours.php START
2025-10-19T09:10:23+00:00 tbl_mp_hours.php START
2025-10-19T09:10:42+00:00 tbl_mp_hours.php START
2025-10-19T09:10:49+00:00 tbl_mp_hours.php START
2025-10-19T09:11:00+00:00 tbl_mp_hours.php START
2025-10-19T09:11:06+00:00 tbl_mp_hours.php START
2025-10-19T09:11:25+00:00 tbl_mp_hours.php START
2025-10-19T09:11:38+00:00 tbl_mp_hours.php START
2025-10-19T09:12:15+00:00 tbl_mp_hours.php START
2025-10-19T09:12:25+00:00 tbl_mp_hours.php START
2025-10-19T09:12:47+00:00 tbl_mp_hours.php START
2025-10-19T09:12:55+00:00 tbl_mp_hours.php START
2025-10-19T09:12:58+00:00 tbl_mp_hours.php START
2025-10-19T09:17:07+00:00 tbl_mp_hours.php START
2025-10-19T09:17:11+00:00 tbl_mp_hours.php START
2025-10-19T09:19:25+00:00 tbl_mp_hours.php START
2025-10-19T09:19:31+00:00 tbl_mp_hours.php START
2025-10-19T09:19:33+00:00 tbl_mp_hours.php START
2025-10-19T09:19:43+00:00 tbl_mp_hours.php START
2025-10-19T09:21:26+00:00 tbl_mp_hours.php START
2025-10-19T09:21:30+00:00 tbl_mp_hours.php START
2025-10-19T09:21:50+00:00 tbl_mp_hours.php START
2025-10-19T09:21:53+00:00 tbl_mp_hours.php START
2025-10-19T09:22:09+00:00 tbl_mp_hours.php START
2025-10-19T09:22:14+00:00 tbl_mp_hours.php START
2025-10-19T09:22:44+00:00 tbl_mp_hours.php START
2025-10-19T09:22:47+00:00 tbl_mp_hours.php START
2025-10-19T09:23:10+00:00 tbl_mp_hours.php START
2025-10-19T09:23:21+00:00 tbl_mp_hours.php START
2025-10-19T09:23:44+00:00 tbl_mp_hours.php START
2025-10-19T09:24:14+00:00 tbl_mp_hours.php START
2025-10-19T09:24:20+00:00 tbl_mp_hours.php START
2025-10-19T09:40:01+00:00 tbl_mp_hours.php START
2025-10-20T08:19:02+00:00 tbl_mp_hours.php START
2025-10-20T08:28:38+00:00 tbl_mp_hours.php START
2025-10-20T08:30:20+00:00 tbl_mp_hours.php START
2025-10-20T08:30:20+00:00 tbl_mp_hours.php END
2025-10-20T08:31:22+00:00 tbl_mp_hours.php START
2025-10-20T08:31:22+00:00 tbl_mp_hours.php END
2025-10-20T08:33:59+00:00 tbl_mp_hours.php START
2025-10-20T08:33:59+00:00 tbl_mp_hours.php END
2025-10-20T08:35:33+00:00 tbl_mp_hours.php START
2025-10-20T08:35:33+00:00 tbl_mp_hours.php END
2025-10-20T08:46:33+00:00 tbl_mp_hours.php START
2025-10-20T08:51:16+00:00 tbl_mp_hours.php START
2025-10-20T08:51:16+00:00 tbl_mp_hours.php END
2025-10-20T08:52:28+00:00 tbl_mp_hours.php START
2025-10-20T08:52:28+00:00 tbl_mp_hours.php END
2025-10-20T08:52:58+00:00 tbl_mp_hours.php START
2025-10-20T08:52:58+00:00 tbl_mp_hours.php END
2025-10-20T08:53:34+00:00 tbl_mp_hours.php START
2025-10-20T08:53:34+00:00 tbl_mp_hours.php END
2025-10-20T08:54:02+00:00 tbl_mp_hours.php START
2025-10-20T08:55:44+00:00 tbl_mp_hours.php START
2025-10-20T08:56:06+00:00 tbl_mp_hours.php START
2025-10-20T08:56:06+00:00 tbl_mp_hours.php END
2025-10-20T08:57:10+00:00 tbl_mp_hours.php START
2025-10-20T08:57:10+00:00 tbl_mp_hours.php END
2025-10-26T15:26:28+00:00 tbl_mp_hours.php START
2025-10-26T15:26:28+00:00 tbl_mp_hours.php END
2025-10-26T15:27:50+00:00 tbl_mp_hours.php START
2025-10-26T15:27:50+00:00 tbl_mp_hours.php END
2025-10-26T15:34:22+00:00 tbl_mp_hours.php START
2025-10-26T15:34:22+00:00 tbl_mp_hours.php END
2025-10-26T15:40:55+00:00 tbl_mp_hours.php START
2025-10-26T15:40:55+00:00 tbl_mp_hours.php END
2025-10-26T15:41:38+00:00 tbl_mp_hours.php START
2025-10-26T15:41:38+00:00 tbl_mp_hours.php END
2025-10-26T15:42:18+00:00 tbl_mp_hours.php START
2025-10-26T15:42:18+00:00 tbl_mp_hours.php END
2025-10-26T15:49:24+00:00 tbl_mp_hours.php START
2025-10-26T15:49:24+00:00 tbl_mp_hours.php END
2025-10-26T15:49:49+00:00 tbl_mp_hours.php START
2025-10-26T15:49:49+00:00 tbl_mp_hours.php END
2025-10-26T15:49:57+00:00 tbl_mp_hours.php START
2025-10-26T15:49:57+00:00 tbl_mp_hours.php END
2025-10-26T15:52:51+00:00 tbl_mp_hours.php START
2025-10-26T15:52:51+00:00 tbl_mp_hours.php END
2025-10-26T15:53:10+00:00 tbl_mp_hours.php START
2025-10-26T15:53:10+00:00 tbl_mp_hours.php END
2025-10-26T15:54:42+00:00 tbl_mp_hours.php START
2025-10-26T15:54:42+00:00 tbl_mp_hours.php END
2025-10-26T15:59:41+00:00 tbl_mp_hours.php START
2025-10-26T15:59:41+00:00 tbl_mp_hours.php END
2025-10-26T15:59:50+00:00 tbl_mp_hours.php START
2025-10-26T15:59:50+00:00 tbl_mp_hours.php END
2025-10-26T16:00:08+00:00 tbl_mp_hours.php START
2025-10-26T16:00:08+00:00 tbl_mp_hours.php END
2025-10-26T16:02:36+00:00 tbl_mp_hours.php START
2025-10-26T16:02:36+00:00 tbl_mp_hours.php END
2025-10-26T16:03:32+00:00 tbl_mp_hours.php START
2025-10-26T16:03:32+00:00 tbl_mp_hours.php END
2025-10-27T12:58:46+00:00 tbl_mp_hours.php START
2025-10-27T12:58:46+00:00 tbl_mp_hours.php END
2025-10-27T14:13:51+00:00 tbl_mp_hours.php START
2025-10-27T14:13:51+00:00 tbl_mp_hours.php END
2025-10-27T14:14:05+00:00 tbl_mp_hours.php START
2025-10-27T14:14:05+00:00 tbl_mp_hours.php END
2025-10-27T14:14:23+00:00 tbl_mp_hours.php START
2025-10-27T14:14:23+00:00 tbl_mp_hours.php END
2025-10-27T14:14:51+00:00 tbl_mp_hours.php START
2025-10-27T14:14:51+00:00 tbl_mp_hours.php END
2025-10-27T14:15:35+00:00 tbl_mp_hours.php START
2025-10-27T14:15:35+00:00 tbl_mp_hours.php END
2025-10-27T14:16:00+00:00 tbl_mp_hours.php START
2025-10-27T14:16:00+00:00 tbl_mp_hours.php END
2025-10-27T14:16:09+00:00 tbl_mp_hours.php START
2025-10-27T14:16:09+00:00 tbl_mp_hours.php END
2025-10-27T14:16:31+00:00 tbl_mp_hours.php START
2025-10-27T14:16:31+00:00 tbl_mp_hours.php END
2025-10-27T14:16:38+00:00 tbl_mp_hours.php START
2025-10-27T14:16:38+00:00 tbl_mp_hours.php END
2025-10-27T14:16:45+00:00 tbl_mp_hours.php START
2025-10-27T14:16:45+00:00 tbl_mp_hours.php END
2025-10-27T14:16:53+00:00 tbl_mp_hours.php START
2025-10-27T14:16:53+00:00 tbl_mp_hours.php END
2025-10-27T14:18:26+00:00 tbl_mp_hours.php START
2025-10-27T14:18:26+00:00 tbl_mp_hours.php END
2025-10-27T14:19:11+00:00 tbl_mp_hours.php START
2025-10-27T14:19:11+00:00 tbl_mp_hours.php END
2025-10-27T14:19:24+00:00 tbl_mp_hours.php START
2025-10-27T14:19:24+00:00 tbl_mp_hours.php END
2025-10-27T14:19:38+00:00 tbl_mp_hours.php START
2025-10-27T14:19:38+00:00 tbl_mp_hours.php END
2025-10-27T14:23:50+00:00 tbl_mp_hours.php START
2025-10-27T14:23:50+00:00 tbl_mp_hours.php END
2025-10-27T14:35:37+00:00 tbl_mp_hours.php START
2025-10-27T14:35:37+00:00 tbl_mp_hours.php END
2025-10-27T14:36:08+00:00 tbl_mp_hours.php START
2025-10-27T14:36:08+00:00 tbl_mp_hours.php END
2025-10-27T17:43:24+00:00 tbl_mp_hours.php START
2025-10-27T17:43:24+00:00 tbl_mp_hours.php END
2025-10-27T17:48:33+00:00 tbl_mp_hours.php START
2025-10-27T17:48:33+00:00 tbl_mp_hours.php END
2025-10-27T17:50:16+00:00 tbl_mp_hours.php START
2025-10-27T17:50:16+00:00 tbl_mp_hours.php END
2025-10-27T17:50:27+00:00 tbl_mp_hours.php START
2025-10-27T17:50:27+00:00 tbl_mp_hours.php END
2025-10-27T17:50:31+00:00 tbl_mp_hours.php START
2025-10-27T17:50:31+00:00 tbl_mp_hours.php END
2025-10-27T17:50:36+00:00 tbl_mp_hours.php START
2025-10-27T17:50:36+00:00 tbl_mp_hours.php END
2025-10-27T17:50:59+00:00 tbl_mp_hours.php START
2025-10-27T17:50:59+00:00 tbl_mp_hours.php END
2025-10-27T17:53:09+00:00 tbl_mp_hours.php START
2025-10-27T17:53:09+00:00 tbl_mp_hours.php END
2025-10-27T17:53:35+00:00 tbl_mp_hours.php START
2025-10-27T17:53:35+00:00 tbl_mp_hours.php END
2025-10-27T17:54:55+00:00 tbl_mp_hours.php START
2025-10-27T17:54:55+00:00 tbl_mp_hours.php END
2025-10-27T17:57:22+00:00 tbl_mp_hours.php START
2025-10-27T17:57:22+00:00 tbl_mp_hours.php END
2025-10-27T17:57:40+00:00 tbl_mp_hours.php START
2025-10-27T17:57:40+00:00 tbl_mp_hours.php END
2025-10-27T18:01:18+00:00 tbl_mp_hours.php START
2025-10-27T18:01:18+00:00 tbl_mp_hours.php END
2025-10-27T18:11:23+00:00 tbl_mp_hours.php START
2025-10-27T18:11:23+00:00 tbl_mp_hours.php END
